Component: ARM Compiler 5.06 update 4 (build 422) Tool: armlink [4d35d2]

==============================================================================

Section Cross References

    main.o(i.main) refers to misc.o(i.NVIC_PriorityGroupConfig) for NVIC_PriorityGroupConfig
    main.o(i.main) refers to delay.o(i.delay_init) for delay_init
    main.o(i.main) refers to usart.o(i.uart_init) for uart_init
    main.o(i.main) refers to led.o(i.LED_Init) for LED_Init
    main.o(i.main) refers to lcd.o(i.LCD_Init) for LCD_Init
    main.o(i.main) refers to lcd.o(i.LCD_ShowString) for LCD_ShowString
    main.o(i.main) refers to tasks.o(i.xTaskCreate) for xTaskCreate
    main.o(i.main) refers to tasks.o(i.vTaskStartScheduler) for vTaskStartScheduler
    main.o(i.main) refers to lcd.o(.data) for POINT_COLOR
    main.o(i.main) refers to main.o(.data) for .data
    main.o(i.main) refers to main.o(i.start_task) for start_task
    main.o(i.start_task) refers to port.o(i.vPortEnterCritical) for vPortEnterCritical
    main.o(i.start_task) refers to tasks.o(i.xTaskCreate) for xTaskCreate
    main.o(i.start_task) refers to tasks.o(i.vTaskDelete) for vTaskDelete
    main.o(i.start_task) refers to port.o(i.vPortExitCritical) for vPortExitCritical
    main.o(i.start_task) refers to main.o(.data) for .data
    main.o(i.start_task) refers to main.o(i.task1_task) for task1_task
    main.o(i.start_task) refers to main.o(i.task2_task) for task2_task
    main.o(i.task1_task) refers to _printf_percent.o(.ARM.Collect$$_printf_percent$$00000000) for _printf_percent
    main.o(i.task1_task) refers to _printf_d.o(.ARM.Collect$$_printf_percent$$00000009) for _printf_d
    main.o(i.task1_task) refers to _printf_dec.o(.text) for _printf_int_dec
    main.o(i.task1_task) refers to lcd.o(i.LCD_DrawRectangle) for LCD_DrawRectangle
    main.o(i.task1_task) refers to lcd.o(i.LCD_DrawLine) for LCD_DrawLine
    main.o(i.task1_task) refers to lcd.o(i.LCD_ShowString) for LCD_ShowString
    main.o(i.task1_task) refers to noretval__2printf.o(.text) for __2printf
    main.o(i.task1_task) refers to tasks.o(i.vTaskDelete) for vTaskDelete
    main.o(i.task1_task) refers to lcd.o(i.LCD_Fill) for LCD_Fill
    main.o(i.task1_task) refers to lcd.o(i.LCD_ShowxNum) for LCD_ShowxNum
    main.o(i.task1_task) refers to tasks.o(i.vTaskDelay) for vTaskDelay
    main.o(i.task1_task) refers to lcd.o(.data) for POINT_COLOR
    main.o(i.task1_task) refers to main.o(.data) for .data
    main.o(i.task2_task) refers to _printf_percent.o(.ARM.Collect$$_printf_percent$$00000000) for _printf_percent
    main.o(i.task2_task) refers to _printf_d.o(.ARM.Collect$$_printf_percent$$00000009) for _printf_d
    main.o(i.task2_task) refers to _printf_dec.o(.text) for _printf_int_dec
    main.o(i.task2_task) refers to lcd.o(i.LCD_DrawRectangle) for LCD_DrawRectangle
    main.o(i.task2_task) refers to lcd.o(i.LCD_DrawLine) for LCD_DrawLine
    main.o(i.task2_task) refers to lcd.o(i.LCD_ShowString) for LCD_ShowString
    main.o(i.task2_task) refers to noretval__2printf.o(.text) for __2printf
    main.o(i.task2_task) refers to lcd.o(i.LCD_ShowxNum) for LCD_ShowxNum
    main.o(i.task2_task) refers to lcd.o(i.LCD_Fill) for LCD_Fill
    main.o(i.task2_task) refers to tasks.o(i.vTaskDelay) for vTaskDelay
    main.o(i.task2_task) refers to lcd.o(.data) for POINT_COLOR
    main.o(i.task2_task) refers to main.o(.data) for .data
    system_stm32f10x.o(i.SystemCoreClockUpdate) refers to system_stm32f10x.o(.data) for .data
    system_stm32f10x.o(i.SystemInit) refers to system_stm32f10x.o(i.SetSysClockTo72) for SetSysClockTo72
    led.o(i.LED_Init) refers to stm32f10x_rcc.o(i.RCC_APB2PeriphClockCmd) for RCC_APB2PeriphClockCmd
    led.o(i.LED_Init) refers to stm32f10x_gpio.o(i.GPIO_Init) for GPIO_Init
    led.o(i.LED_Init) refers to stm32f10x_gpio.o(i.GPIO_SetBits) for GPIO_SetBits
    timer.o(i.TIM3_IRQHandler) refers to stm32f10x_tim.o(i.TIM_GetITStatus) for TIM_GetITStatus
    timer.o(i.TIM3_IRQHandler) refers to noretval__2printf.o(.text) for __2printf
    timer.o(i.TIM3_IRQHandler) refers to stm32f10x_tim.o(i.TIM_ClearITPendingBit) for TIM_ClearITPendingBit
    timer.o(i.TIM3_Int_Init) refers to stm32f10x_rcc.o(i.RCC_APB1PeriphClockCmd) for RCC_APB1PeriphClockCmd
    timer.o(i.TIM3_Int_Init) refers to stm32f10x_tim.o(i.TIM_TimeBaseInit) for TIM_TimeBaseInit
    timer.o(i.TIM3_Int_Init) refers to stm32f10x_tim.o(i.TIM_ITConfig) for TIM_ITConfig
    timer.o(i.TIM3_Int_Init) refers to misc.o(i.NVIC_Init) for NVIC_Init
    timer.o(i.TIM3_Int_Init) refers to stm32f10x_tim.o(i.TIM_Cmd) for TIM_Cmd
    timer.o(i.TIM5_IRQHandler) refers to stm32f10x_tim.o(i.TIM_GetITStatus) for TIM_GetITStatus
    timer.o(i.TIM5_IRQHandler) refers to noretval__2printf.o(.text) for __2printf
    timer.o(i.TIM5_IRQHandler) refers to stm32f10x_tim.o(i.TIM_ClearITPendingBit) for TIM_ClearITPendingBit
    timer.o(i.TIM5_Int_Init) refers to stm32f10x_rcc.o(i.RCC_APB1PeriphClockCmd) for RCC_APB1PeriphClockCmd
[...]
    dc.s                                     0x00000000   Number         0  dc.o ABSOLUTE
    main.c                                   0x00000000   Number         0  main.o ABSOLUTE
    stm32f10x_it.c                           0x00000000   Number         0  stm32f10x_it.o ABSOLUTE
    system_stm32f10x.c                       0x00000000   Number         0  system_stm32f10x.o ABSOLUTE
    RESET                                    0x08000000   Section      304  startup_stm32f10x_hd.o(RESET)
    !!!main                                  0x08000130   Section        8  __main.o(!!!main)
    !!!scatter                               0x08000138   Section       52  __scatter.o(!!!scatter)
    !!handler_copy                           0x0800016c   Section       26  __scatter_copy.o(!!handler_copy)
    !!handler_zi                             0x08000188   Section       28  __scatter_zi.o(!!handler_zi)
    .ARM.Collect$$_printf_percent$$00000000  0x080001a4   Section        0  _printf_percent.o(.ARM.Collect$$_printf_percent$$00000000)
    .ARM.Collect$$_printf_percent$$00000009  0x080001a4   Section        6  _printf_d.o(.ARM.Collect$$_printf_percent$$00000009)
    .ARM.Collect$$_printf_percent$$0000000C  0x080001aa   Section        6  _printf_x.o(.ARM.Collect$$_printf_percent$$0000000C)
    .ARM.Collect$$_printf_percent$$00000014  0x080001b0   Section        6  _printf_s.o(.ARM.Collect$$_printf_percent$$00000014)
    .ARM.Collect$$_printf_percent$$00000017  0x080001b6   Section        4  _printf_percent_end.o(.ARM.Collect$$_printf_percent$$00000017)
    .ARM.Collect$$libinit$$00000000          0x080001ba   Section        2  libinit.o(.ARM.Collect$$libinit$$00000000)
    .ARM.Collect$$libinit$$00000002          0x080001bc   Section        0  libinit2.o(.ARM.Collect$$libinit$$00000002)
    .ARM.Collect$$libinit$$00000004          0x080001bc   Section        0  libinit2.o(.ARM.Collect$$libinit$$00000004)
    .ARM.Collect$$libinit$$0000000A          0x080001bc   Section        0  libinit2.o(.ARM.Collect$$libinit$$0000000A)
    .ARM.Collect$$libinit$$0000000C          0x080001bc   Section        0  libinit2.o(.ARM.Collect$$libinit$$0000000C)
    .ARM.Collect$$libinit$$0000000E          0x080001bc   Section        0  libinit2.o(.ARM.Collect$$libinit$$0000000E)
    .ARM.Collect$$libinit$$00000011          0x080001bc   Section        0  libinit2.o(.ARM.Collect$$libinit$$00000011)
    .ARM.Collect$$libinit$$00000013          0x080001bc   Section        0  libinit2.o(.ARM.Collect$$libinit$$00000013)
    .ARM.Collect$$libinit$$00000015          0x080001bc   Section        0  libinit2.o(.ARM.Collect$$libinit$$00000015)
    .ARM.Collect$$libinit$$00000017          0x080001bc   Section        0  libinit2.o(.ARM.Collect$$libinit$$00000017)
    .ARM.Collect$$libinit$$00000019          0x080001bc   Section        0  libinit2.o(.ARM.Collect$$libinit$$00000019)
    .ARM.Collect$$libinit$$0000001B          0x080001bc   Section        0  libinit2.o(.ARM.Collect$$libinit$$0000001B)
    .ARM.Collect$$libinit$$0000001D          0x080001bc   Section        0  libinit2.o(.ARM.Collect$$libinit$$0000001D)
    .ARM.Collect$$libinit$$0000001F          0x080001bc   Section        0  libinit2.o(.ARM.Collect$$libinit$$0000001F)
    .ARM.Collect$$libinit$$00000021          0x080001bc   Section        0  libinit2.o(.ARM.Collect$$libinit$$00000021)
    .ARM.Collect$$libinit$$00000023          0x080001bc   Section        0  libinit2.o(.ARM.Collect$$libinit$$00000023)
    .ARM.Collect$$libinit$$00000025          0x080001bc   Section        0  libinit2.o(.ARM.Collect$$libinit$$00000025)
    .ARM.Collect$$libinit$$0000002C          0x080001bc   Section        0  libinit2.o(.ARM.Collect$$libinit$$0000002C)
    .ARM.Collect$$libinit$$0000002E          0x080001bc   Section        0  libinit2.o(.ARM.Collect$$libinit$$0000002E)
    .ARM.Collect$$libinit$$00000030          0x080001bc   Section        0  libinit2.o(.ARM.Collect$$libinit$$00000030)
    .ARM.Collect$$libinit$$00000032          0x080001bc   Section        0  libinit2.o(.ARM.Collect$$libinit$$00000032)
    .ARM.Collect$$libinit$$00000033          0x080001bc   Section        2  libinit2.o(.ARM.Collect$$libinit$$00000033)
    .ARM.Collect$$libshutdown$$00000000      0x080001be   Section        2  libshutdown.o(.ARM.Collect$$libshutdown$$00000000)
    .ARM.Collect$$libshutdown$$00000002      0x080001c0   Section        0  libshutdown2.o(.ARM.Collect$$libshutdown$$00000002)
    .ARM.Collect$$libshutdown$$00000004      0x080001c0   Section        0  libshutdown2.o(.ARM.Collect$$libshutdown$$00000004)
    .ARM.Collect$$libshutdown$$00000007      0x080001c0   Section        0  libshutdown2.o(.ARM.Collect$$libshutdown$$00000007)
    .ARM.Collect$$libshutdown$$0000000A      0x080001c0   Section        0  libshutdown2.o(.ARM.Collect$$libshutdown$$0000000A)
    .ARM.Collect$$libshutdown$$0000000C      0x080001c0   Section        0  libshutdown2.o(.ARM.Collect$$libshutdown$$0000000C)
    .ARM.Collect$$libshutdown$$0000000F      0x080001c0   Section        0  libshutdown2.o(.ARM.Collect$$libshutdown$$0000000F)
    .ARM.Collect$$libshutdown$$00000010      0x080001c0   Section        2  libshutdown2.o(.ARM.Collect$$libshutdown$$00000010)
    .ARM.Collect$$rtentry$$00000000          0x080001c2   Section        0  __rtentry.o(.ARM.Collect$$rtentry$$00000000)
    .ARM.Collect$$rtentry$$00000002          0x080001c2   Section        0  __rtentry2.o(.ARM.Collect$$rtentry$$00000002)
    .ARM.Collect$$rtentry$$00000004          0x080001c2   Section        6  __rtentry4.o(.ARM.Collect$$rtentry$$00000004)
    .ARM.Collect$$rtentry$$00000009          0x080001c8   Section        0  __rtentry2.o(.ARM.Collect$$rtentry$$00000009)
    .ARM.Collect$$rtentry$$0000000A          0x080001c8   Section        4  __rtentry2.o(.ARM.Collect$$rtentry$$0000000A)
    .ARM.Collect$$rtentry$$0000000C          0x080001cc   Section        0  __rtentry2.o(.ARM.Collect$$rtentry$$0000000C)
    .ARM.Collect$$rtentry$$0000000D          0x080001cc   Section        8  __rtentry2.o(.ARM.Collect$$rtentry$$0000000D)
    .ARM.Collect$$rtexit$$00000000           0x080001d4   Section        2  rtexit.o(.ARM.Collect$$rtexit$$00000000)
    .ARM.Collect$$rtexit$$00000002           0x080001d6   Section        0  rtexit2.o(.ARM.Collect$$rtexit$$00000002)
    .ARM.Collect$$rtexit$$00000003           0x080001d6   Section        4  rtexit2.o(.ARM.Collect$$rtexit$$00000003)
    .ARM.Collect$$rtexit$$00000004           0x080001da   Section        6  rtexit2.o(.ARM.Collect$$rtexit$$00000004)
    .emb_text                                0x080001e0   Section      150  port.o(.emb_text)
    .text                                    0x08000278   Section       64  startup_stm32f10x_hd.o(.text)
    .text                                    0x080002b8   Section        2  use_no_semi_2.o(.text)
    .text                                    0x080002bc   Section        0  noretval__2printf.o(.text)
    .text                                    0x080002d4   Section        0  __printf.o(.text)
    .text                                    0x0800033c   Section        0  _printf_str.o(.text)
    .text                                    0x08000390   Section        0  _printf_dec.o(.text)
    .text                                    0x08000408   Section        0  _printf_hex_int.o(.text)
    .text                                    0x08000460   Section      138  rt_memcpy_v6.o(.text)
    .text                                    0x080004ea   Section       16  aeabi_memset.o(.text)
    .text                                    0x080004fa   Section        0  heapauxi.o(.text)
    .text                                    0x08000500   Section        2  use_no_semi.o(.text)
    .text                                    0x08000502   Section        0  _printf_intcommon.o(.text)
    .text                                    0x080005b4   Section        0  _printf_char_common.o(.text)
    _printf_input_char                       0x080005b5   Thumb Code    10  _printf_char_common.o(.text)
    .text                                    0x080005e4   Section        0  _printf_char.o(.text)
    .text                                    0x08000610   Section        0  _printf_char_file.o(.text)
    .text                                    0x08000634   Section      100  rt_memcpy_w.o(.text)
    .text                                    0x08000698   Section       68  rt_memclr.o(.text)
    .text                                    0x080006dc   Section        0  ferror.o(.text)
    .text                                    0x080006e4   Section       78  rt_memclr_w.o(.text)
    .text                                    0x08000732   Section       74  sys_stackheap_outer.o(.text)
    .text                                    0x0800077c   Section        0  exit.o(.text)
    .text                                    0x08000790   Section        8  libspace.o(.text)
    i.BusFault_Handler                       0x08000798   Section        0  stm32f10x_it.o(i.BusFault_Handler)
    i.DebugMon_Handler                       0x0800079a   Section        0  stm32f10x_it.o(i.DebugMon_Handler)
    i.GPIO_Init                              0x0800079c   Section        0  stm32f10x_gpio.o(i.GPIO_Init)
    i.GPIO_SetBits                           0x08000838   Section        0  stm32f10x_gpio.o(i.GPIO_SetBits)
    i.HardFault_Handler                      0x0800083c   Section        0  stm32f10x_it.o(i.HardFault_Handler)
    i.LCD_Clear                              0x08000840   Section        0  lcd.o(i.LCD_Clear)
    i.LCD_Display_Dir                        0x080008ac   Section        0  lcd.o(i.LCD_Display_Dir)
    i.LCD_DrawLine                           0x080009e0   Section        0  lcd.o(i.LCD_DrawLine)
    i.LCD_DrawPoint                          0x08000a78   Section        0  lcd.o(i.LCD_DrawPoint)
    i.LCD_DrawRectangle                      0x08000a94   Section        0  lcd.o(i.LCD_DrawRectangle)
    i.LCD_Fast_DrawPoint                     0x08000acc   Section        0  lcd.o(i.LCD_Fast_DrawPoint)
    i.LCD_Fill                               0x08000bdc   Section        0  lcd.o(i.LCD_Fill)
    i.LCD_Init                               0x08000c64   Section        0  lcd.o(i.LCD_Init)
    i.LCD_Pow                                0x08004210   Section        0  lcd.o(i.LCD_Pow)
    i.LCD_RD_DATA                            0x08004220   Section        0  lcd.o(i.LCD_RD_DATA)
    i.LCD_ReadReg                            0x08004232   Section        0  lcd.o(i.LCD_ReadReg)
    i.LCD_SSD_BackLightSet                   0x0800424c   Section        0  lcd.o(i.LCD_SSD_BackLightSet)
    i.LCD_Scan_Dir                           0x08004298   Section        0  lcd.o(i.LCD_Scan_Dir)
    i.LCD_SetCursor                          0x0800449c   Section        0  lcd.o(i.LCD_SetCursor)
    i.LCD_ShowChar                           0x080045ec   Section        0  lcd.o(i.LCD_ShowChar)
    i.LCD_ShowString                         0x080046b8   Section        0  lcd.o(i.LCD_ShowString)
    i.LCD_ShowxNum                           0x0800470c   Section        0  lcd.o(i.LCD_ShowxNum)
    i.LCD_WR_DATA                            0x08004792   Section        0  lcd.o(i.LCD_WR_DATA)
    i.LCD_WR_REG                             0x080047a8   Section        0  lcd.o(i.LCD_WR_REG)
    i.LCD_WriteRAM_Prepare                   0x080047c0   Section        0  lcd.o(i.LCD_WriteRAM_Prepare)
    i.LCD_WriteReg                           0x080047d0   Section        0  lcd.o(i.LCD_WriteReg)
    i.LED_Init                               0x080047e4   Section        0  led.o(i.LED_Init)
    i.MemManage_Handler                      0x0800481c   Section        0  stm32f10x_it.o(i.MemManage_Handler)
    i.NMI_Handler                            0x0800481e   Section        0  stm32f10x_it.o(i.NMI_Handler)
    i.NVIC_Init                              0x08004820   Section        0  misc.o(i.NVIC_Init)
    i.NVIC_PriorityGroupConfig               0x08004884   Section        0  misc.o(i.NVIC_PriorityGroupConfig)
    i.RCC_APB2PeriphClockCmd                 0x08004898   Section        0  stm32f10x_rcc.o(i.RCC_APB2PeriphClockCmd)
    i.RCC_GetClocksFreq                      0x080048b0   Section        0  stm32f10x_rcc.o(i.RCC_GetClocksFreq)
    i.SetSysClockTo72                        0x08004944   Section        0  system_stm32f10x.o(i.SetSysClockTo72)
    SetSysClockTo72                          0x08004945   Thumb Code   160  system_stm32f10x.o(i.SetSysClockTo72)
    i.SysTick_CLKSourceConfig                0x080049ec   Section        0  misc.o(i.SysTick_CLKSourceConfig)
    i.SysTick_Handler                        0x08004a04   Section        0  delay.o(i.SysTick_Handler)
    i.SystemInit                             0x08004a18   Section        0  system_stm32f10x.o(i.SystemInit)
    i.TIM3_IRQHandler                        0x08004a68   Section        0  timer.o(i.TIM3_IRQHandler)
    i.TIM5_IRQHandler                        0x08004aa4   Section        0  timer.o(i.TIM5_IRQHandler)
    i.TIM_ClearITPendingBit                  0x08004ae0   Section        0  stm32f10x_tim.o(i.TIM_ClearITPendingBit)
    i.TIM_GetITStatus                        0x08004ae6   Section        0  stm32f10x_tim.o(i.TIM_GetITStatus)
    i.USART1_IRQHandler                      0x08004b00   Section        0  usart.o(i.USART1_IRQHandler)
    i.USART_Cmd                              0x08004b64   Section        0  stm32f10x_usart.o(i.USART_Cmd)
    i.USART_GetITStatus                      0x08004b78   Section        0  stm32f10x_usart.o(i.USART_GetITStatus)
    i.USART_ITConfig                         0x08004bb6   Section        0  stm32f10x_usart.o(i.USART_ITConfig)
    i.USART_Init                             0x08004be8   Section        0  stm32f10x_usart.o(i.USART_Init)
    i.USART_ReceiveData                      0x08004c94   Section        0  stm32f10x_usart.o(i.USART_ReceiveData)
    i.UsageFault_Handler                     0x08004c9c   Section        0  stm32f10x_it.o(i.UsageFault_Handler)
    i._sys_exit                              0x08004c9e   Section        0  usart.o(i._sys_exit)
    i.delay_init                             0x08004ca0   Section        0  delay.o(i.delay_init)
    i.delay_ms                               0x08004ce8   Section        0  delay.o(i.delay_ms)
    i.delay_us                               0x08004d20   Section        0  delay.o(i.delay_us)
    i.fputc                                  0x08004d54   Section        0  usart.o(i.fputc)
    i.main                                   0x08004d6c   Section        0  main.o(i.main)
    i.prvAddCurrentTaskToDelayedList         0x08004e7c   Section        0  tasks.o(i.prvAddCurrentTaskToDelayedList)
    prvAddCurrentTaskToDelayedList           0x08004e7d   Thumb Code   102  tasks.o(i.prvAddCurrentTaskToDelayedList)
    i.prvAddNewTaskToReadyList               0x08004eec   Section        0  tasks.o(i.prvAddNewTaskToReadyList)
    prvAddNewTaskToReadyList                 0x08004eed   Thumb Code   192  tasks.o(i.prvAddNewTaskToReadyList)
    i.prvCheckForValidListAndQueue           0x08004fbc   Section        0  timers.o(i.prvCheckForValidListAndQueue)
    prvCheckForValidListAndQueue             0x08004fbd   Thumb Code    62  timers.o(i.prvCheckForValidListAndQueue)
    i.prvCheckTasksWaitingTermination        0x0800500c   Section        0  tasks.o(i.prvCheckTasksWaitingTermination)
    prvCheckTasksWaitingTermination          0x0800500d   Thumb Code    74  tasks.o(i.prvCheckTasksWaitingTermination)
    i.prvCopyDataFromQueue                   0x08005060   Section        0  queue.o(i.prvCopyDataFromQueue)
    prvCopyDataFromQueue                     0x08005061   Thumb Code    38  queue.o(i.prvCopyDataFromQueue)
    i.prvCopyDataToQueue                     0x08005086   Section        0  queue.o(i.prvCopyDataToQueue)
    prvCopyDataToQueue                       0x08005087   Thumb Code   108  queue.o(i.prvCopyDataToQueue)
    i.prvDeleteTCB                           0x080050f2   Section        0  tasks.o(i.prvDeleteTCB)
    prvDeleteTCB                             0x080050f3   Thumb Code    20  tasks.o(i.prvDeleteTCB)
    i.prvHeapInit                            0x08005108   Section        0  heap_4.o(i.prvHeapInit)
    prvHeapInit                              0x08005109   Thumb Code    66  heap_4.o(i.prvHeapInit)
    i.prvIdleTask                            0x08005154   Section        0  tasks.o(i.prvIdleTask)
    prvIdleTask                              0x08005155   Thumb Code    30  tasks.o(i.prvIdleTask)
    i.prvInitialiseNewTask                   0x0800517c   Section        0  tasks.o(i.prvInitialiseNewTask)
    prvInitialiseNewTask                     0x0800517d   Thumb Code   154  tasks.o(i.prvInitialiseNewTask)
    i.prvInsertBlockIntoFreeList             0x0800523c   Section        0  heap_4.o(i.prvInsertBlockIntoFreeList)
    prvInsertBlockIntoFreeList               0x0800523d   Thumb Code    72  heap_4.o(i.prvInsertBlockIntoFreeList)
    i.prvInsertTimerInActiveList             0x08005288   Section        0  timers.o(i.prvInsertTimerInActiveList)
    prvInsertTimerInActiveList               0x08005289   Thumb Code    52  timers.o(i.prvInsertTimerInActiveList)
    i.prvIsQueueEmpty                        0x080052c0   Section        0  queue.o(i.prvIsQueueEmpty)
    prvIsQueueEmpty                          0x080052c1   Thumb Code    26  queue.o(i.prvIsQueueEmpty)
    i.prvNotifyQueueSetContainer             0x080052dc   Section        0  queue.o(i.prvNotifyQueueSetContainer)
    prvNotifyQueueSetContainer               0x080052dd   Thumb Code   108  queue.o(i.prvNotifyQueueSetContainer)
    i.prvProcessExpiredTimer                 0x0800536c   Section        0  timers.o(i.prvProcessExpiredTimer)
    prvProcessExpiredTimer                   0x0800536d   Thumb Code    86  timers.o(i.prvProcessExpiredTimer)
    i.prvProcessReceivedCommands             0x080053cc   Section        0  timers.o(i.prvProcessReceivedCommands)
    prvProcessReceivedCommands               0x080053cd   Thumb Code   196  timers.o(i.prvProcessReceivedCommands)
    i.prvProcessTimerOrBlockTask             0x080054bc   Section        0  timers.o(i.prvProcessTimerOrBlockTask)
    prvProcessTimerOrBlockTask               0x080054bd   Thumb Code    98  timers.o(i.prvProcessTimerOrBlockTask)
    i.prvResetNextTaskUnblockTime            0x08005528   Section        0  tasks.o(i.prvResetNextTaskUnblockTime)
    prvResetNextTaskUnblockTime              0x08005529   Thumb Code    26  tasks.o(i.prvResetNextTaskUnblockTime)
    i.prvSampleTimeNow                       0x08005548   Section        0  timers.o(i.prvSampleTimeNow)
    prvSampleTimeNow                         0x08005549   Thumb Code    36  timers.o(i.prvSampleTimeNow)
    i.prvSwitchTimerLists                    0x08005570   Section        0  timers.o(i.prvSwitchTimerLists)
    prvSwitchTimerLists                      0x08005571   Thumb Code   100  timers.o(i.prvSwitchTimerLists)
    i.prvTaskExitError                       0x080055dc   Section        0  port.o(i.prvTaskExitError)
    prvTaskExitError                         0x080055dd   Thumb Code    34  port.o(i.prvTaskExitError)
    i.prvTimerTask                           0x08005640   Section        0  timers.o(i.prvTimerTask)
    prvTimerTask                             0x08005641   Thumb Code    34  timers.o(i.prvTimerTask)
    i.prvUnlockQueue                         0x08005668   Section        0  queue.o(i.prvUnlockQueue)
    prvUnlockQueue                           0x08005669   Thumb Code   120  queue.o(i.prvUnlockQueue)
    i.pvPortMalloc                           0x080056e0   Section        0  heap_4.o(i.pvPortMalloc)
    i.pvTaskIncrementMutexHeldCount          0x080057f4   Section        0  tasks.o(i.pvTaskIncrementMutexHeldCount)
    i.pxPortInitialiseStack                  0x0800580c   Section        0  port.o(i.pxPortInitialiseStack)
    i.start_task                             0x08005830   Section        0  main.o(i.start_task)
    i.task1_task                             0x08005898   Section        0  main.o(i.task1_task)
    i.task2_task                             0x08005998   Section        0  main.o(i.task2_task)
    i.uart_init                              0x08005a70   Section        0  usart.o(i.uart_init)
    i.uxListRemove                           0x08005b10   Section        0  list.o(i.uxListRemove)
    i.vListInitialise                        0x08005b34   Section        0  list.o(i.vListInitialise)
    i.vListInitialiseItem                    0x08005b4a   Section        0  list.o(i.vListInitialiseItem)
    i.vListInsert                            0x08005b50   Section        0  list.o(i.vListInsert)
    i.vListInsertEnd                         0x08005b80   Section        0  list.o(i.vListInsertEnd)
    i.vPortEnterCritical                     0x08005b98   Section        0  port.o(i.vPortEnterCritical)
    i.vPortExitCritical                      0x08005c10   Section        0  port.o(i.vPortExitCritical)
    i.vPortFree                              0x08005c74   Section        0  heap_4.o(i.vPortFree)
    i.vPortSetupTimerInterrupt               0x08005d10   Section        0  port.o(i.vPortSetupTimerInterrupt)
    i.vPortValidateInterruptPriority         0x08005d30   Section        0  port.o(i.vPortValidateInterruptPriority)
    i.vQueueAddToRegistry                    0x08005dbc   Section        0  queue.o(i.vQueueAddToRegistry)
    i.vQueueWaitForMessageRestricted         0x08005de0   Section        0  queue.o(i.vQueueWaitForMessageRestricted)
    i.vTaskDelay                             0x08005e24   Section        0  tasks.o(i.vTaskDelay)
    i.vTaskDelete                            0x08005e90   Section        0  tasks.o(i.vTaskDelete)
    i.vTaskMissedYield                       0x08005f5c   Section        0  tasks.o(i.vTaskMissedYield)
    i.vTaskPlaceOnEventList                  0x08005f68   Section        0  tasks.o(i.vTaskPlaceOnEventList)
    i.vTaskPlaceOnEventListRestricted        0x08005fbc   Section        0  tasks.o(i.vTaskPlaceOnEventListRestricted)
    i.vTaskPriorityInherit                   0x08006018   Section        0  tasks.o(i.vTaskPriorityInherit)
    i.vTaskSetTimeOutState                   0x0800609c   Section        0  tasks.o(i.vTaskSetTimeOutState)
    i.vTaskStartScheduler                    0x080060e4   Section        0  tasks.o(i.vTaskStartScheduler)
    i.vTaskSuspendAll                        0x08006178   Section        0  tasks.o(i.vTaskSuspendAll)
    i.vTaskSwitchContext                     0x08006188   Section        0  tasks.o(i.vTaskSwitchContext)
    i.xPortStartScheduler                    0x08006204   Section        0  port.o(i.xPortStartScheduler)
    i.xPortSysTickHandler                    0x0800627c   Section        0  port.o(i.xPortSysTickHandler)
    i.xQueueGenericCreate                    0x080062a8   Section        0  queue.o(i.xQueueGenericCreate)
    i.xQueueGenericReceive                   0x08006320   Section        0  queue.o(i.xQueueGenericReceive)
    i.xQueueGenericReset                     0x080064a4   Section        0  queue.o(i.xQueueGenericReset)
    i.xQueueGenericSend                      0x0800654c   Section        0  queue.o(i.xQueueGenericSend)
    i.xQueueGenericSendFromISR               0x080066d4   Section        0  queue.o(i.xQueueGenericSendFromISR)
    i.xTaskCheckForTimeOut                   0x080067b4   Section        0  tasks.o(i.xTaskCheckForTimeOut)
    i.xTaskCreate                            0x0800683c   Section        0  tasks.o(i.xTaskCreate)
    i.xTaskGetSchedulerState                 0x08006894   Section        0  tasks.o(i.xTaskGetSchedulerState)
    i.xTaskGetTickCount                      0x080068b0   Section        0  tasks.o(i.xTaskGetTickCount)
    i.xTaskIncrementTick                     0x080068bc   Section        0  tasks.o(i.xTaskIncrementTick)
    i.xTaskPriorityDisinherit                0x080069a4   Section        0  tasks.o(i.xTaskPriorityDisinherit)
    i.xTaskRemoveFromEventList               0x08006a58   Section        0  tasks.o(i.xTaskRemoveFromEventList)
    i.xTaskResumeAll                         0x08006af0   Section        0  tasks.o(i.xTaskResumeAll)
    i.xTimerCreate                           0x08006bd4   Section        0  timers.o(i.xTimerCreate)
    i.xTimerCreateTimerTask                  0x08006c48   Section        0  timers.o(i.xTimerCreateTimerTask)
    i.xTimerGenericCommand                   0x08006cbc   Section        0  timers.o(i.xTimerGenericCommand)
    x$fpl$dfixu                              0x08006d4c   Section       90  dfixu.o(x$fpl$dfixu)
    x$fpl$dfltu                              0x08006da6   Section       38  dflt_clz.o(x$fpl$dfltu)
    x$fpl$dmul                               0x08006dcc   Section      340  dmul.o(x$fpl$dmul)
    x$fpl$dnaninf                            0x08006f20   Section      156  dnaninf.o(x$fpl$dnaninf)
    x$fpl$dretinf                            0x08006fbc   Section       12  dretinf.o(x$fpl$dretinf)
    .constdata                               0x08006fc8   Section     6080  lcd.o(.constdata)
    x$fpl$usenofp                            0x08006fc8   Section        0  usenofp.o(x$fpl$usenofp)
    .constdata                               0x08008788   Section       40  _printf_hex_int.o(.constdata)
    uc_hextab                                0x08008788   Data          20  _printf_hex_int.o(.constdata)
    lc_hextab                                0x0800879c   Data          20  _printf_hex_int.o(.constdata)
    .data                                    0x20000000   Section       68  main.o(.data)
    .data                                    0x20000044   Section       20  system_stm32f10x.o(.data)
    .data                                    0x20000058   Section        4  lcd.o(.data)
    .data                                    0x2000005c   Section        4  delay.o(.data)
    fac_us                                   0x2000005c   Data           1  delay.o(.data)
    fac_ms                                   0x2000005e   Data           2  delay.o(.data)
    .data                                    0x20000060   Section        2  usart.o(.data)
    .data                                    0x20000064   Section        4  usart.o(.data)
    .data                                    0x20000068   Section       20  stm32f10x_rcc.o(.data)
    ADCPrescTable                            0x20000068   Data           4  stm32f10x_rcc.o(.data)
    APBAHBPrescTable                         0x2000006c   Data          16  stm32f10x_rcc.o(.data)
    .data                                    0x2000007c   Section       60  tasks.o(.data)
    uxDeletedTasksWaitingCleanUp             0x20000080   Data           4  tasks.o(.data)
    uxCurrentNumberOfTasks                   0x20000084   Data           4  tasks.o(.data)
    xTickCount                               0x20000088   Data           4  tasks.o(.data)
    uxTopReadyPriority                       0x2000008c   Data           4  tasks.o(.data)
    xSchedulerRunning                        0x20000090   Data           4  tasks.o(.data)
    uxPendedTicks                            0x20000094   Data           4  tasks.o(.data)
    xYieldPending                            0x20000098   Data           4  tasks.o(.data)
    xNumOfOverflows                          0x2000009c   Data           4  tasks.o(.data)
    uxTaskNumber                             0x200000a0   Data           4  tasks.o(.data)
    xNextTaskUnblockTime                     0x200000a4   Data           4  tasks.o(.data)
    xIdleTaskHandle                          0x200000a8   Data           4  tasks.o(.data)
    uxSchedulerSuspended                     0x200000ac   Data           4  tasks.o(.data)
    pxDelayedTaskList                        0x200000b0   Data           4  tasks.o(.data)
    pxOverflowDelayedTaskList                0x200000b4   Data           4  tasks.o(.data)
    .data                                    0x200000b8   Section       20  timers.o(.data)
    xTimerQueue                              0x200000b8   Data           4  timers.o(.data)
    xTimerTaskHandle                         0x200000bc   Data           4  timers.o(.data)
    xLastTime                                0x200000c0   Data           4  timers.o(.data)
    pxCurrentTimerList                       0x200000c4   Data           4  timers.o(.data)
    pxOverflowTimerList                      0x200000c8   Data           4  timers.o(.data)
    .data                                    0x200000cc   Section       24  heap_4.o(.data)
    pxEnd                                    0x200000cc   Data           4  heap_4.o(.data)
    xFreeBytesRemaining                      0x200000d0   Data           4  heap_4.o(.data)
    xMinimumEverFreeBytesRemaining           0x200000d4   Data           4  heap_4.o(.data)
    xBlockAllocatedBit                       0x200000d8   Data           4  heap_4.o(.data)
    xStart                                   0x200000dc   Data           8  heap_4.o(.data)
    .data                                    0x200000e4   Section       12  port.o(.data)
    ucMaxSysCallPriority                     0x200000e4   Data           1  port.o(.data)
    uxCriticalNesting                        0x200000e8   Data           4  port.o(.data)
    ulMaxPRIGROUPValue                       0x200000ec   Data           4  port.o(.data)
    .bss                                     0x200000f0   Section       14  lcd.o(.bss)
    .bss                                     0x200000fe   Section      200  usart.o(.bss)
    .bss                                     0x200001c8   Section       64  queue.o(.bss)
    .bss                                     0x20000208   Section      740  tasks.o(.bss)
    pxReadyTasksLists                        0x20000208   Data         640  tasks.o(.bss)
    xDelayedTaskList1                        0x20000488   Data          20  tasks.o(.bss)
    xDelayedTaskList2                        0x2000049c   Data          20  tasks.o(.bss)
    xPendingReadyList                        0x200004b0   Data          20  tasks.o(.bss)
    xTasksWaitingTermination                 0x200004c4   Data          20  tasks.o(.bss)
    xSuspendedTaskList                       0x200004d8   Data          20  tasks.o(.bss)
    .bss                                     0x200004ec   Section       40  timers.o(.bss)
    xActiveTimerList1                        0x200004ec   Data          20  timers.o(.bss)
    xActiveTimerList2                        0x20000500   Data          20  timers.o(.bss)
    .bss                                     0x20000514   Section    20480  heap_4.o(.bss)
    ucHeap                                   0x20000514   Data       20480  heap_4.o(.bss)
    .bss                                     0x20005514   Section       96  libspace.o(.bss)
    HEAP                                     0x20005578   Section      512  startup_stm32f10x_hd.o(HEAP)
    Heap_Mem                                 0x20005578   Data         512  startup_stm32f10x_hd.o(HEAP)
    STACK                                    0x20005778   Section     1024  startup_stm32f10x_hd.o(STACK)
    Stack_Mem                                0x20005778   Data        1024  startup_stm32f10x_hd.o(STACK)
    __initial_sp                             0x20005b78   Data           0  startup_stm32f10x_hd.o(STACK)

    Global Symbols

    Symbol Name                              Value     Ov Type        Size  Object(Section)

    BuildAttributes$$THM_ISAv4$P$D$K$B$S$PE$A:L22UL41UL21$X:L11$S22US41US21$IEEE1$IW$USESV6$~STKCKD$USESV7$~SHL$OSPACE$ROPI$EBA8$UX$STANDARDLIB$REQ8$PRES8$EABIv2 0x00000000   Number         0  anon$$obj.o ABSOLUTE
    __ARM_use_no_argv                        0x00000000   Number         0  main.o ABSOLUTE
    __ARM_exceptions_init                     - Undefined Weak Reference
    __alloca_initialize                       - Undefined Weak Reference
    __arm_preinit_                            - Undefined Weak Reference
    __cpp_initialize__aeabi_                  - Undefined Weak Reference
    __cxa_finalize                            - Undefined Weak Reference
    __rt_locale                               - Undefined Weak Reference
    __sigvec_lookup                           - Undefined Weak Reference
    _atexit_init                              - Undefined Weak Reference
    _call_atexit_fns                          - Undefined Weak Reference
    _clock_init                               - Undefined Weak Reference
    _fp_trap_init                             - Undefined Weak Reference
    _fp_trap_shutdown                         - Undefined Weak Reference
    _get_lc_collate                           - Undefined Weak Reference
    _get_lc_ctype                             - Undefined Weak Reference
    _get_lc_monetary                          - Undefined Weak Reference
    _get_lc_numeric                           - Undefined Weak Reference
    _get_lc_time                              - Undefined Weak Reference
    _getenv_init                              - Undefined Weak Reference
    _handle_redirection                       - Undefined Weak Reference
    _init_alloc                               - Undefined Weak Reference
    _init_user_alloc                          - Undefined Weak Reference
    _initio                                   - Undefined Weak Reference
    _mutex_acquire                            - Undefined Weak Reference
    _mutex_release                            - Undefined Weak Reference
    _printf_mbtowc                            - Undefined Weak Reference
    _printf_post_padding                      - Undefined Weak Reference
    _printf_pre_padding                       - Undefined Weak Reference
    _printf_truncate_signed                   - Undefined Weak Reference
    _printf_truncate_unsigned                 - Undefined Weak Reference
    _rand_init                                - Undefined Weak Reference
    _signal_finish                            - Undefined Weak Reference
    _signal_init                              - Undefined Weak Reference
    _terminate_alloc                          - Undefined Weak Reference
    _terminate_user_alloc                     - Undefined Weak Reference
    _terminateio                              - Undefined Weak Reference
    __Vectors_Size                           0x00000130   Number         0  startup_stm32f10x_hd.o ABSOLUTE
    __Vectors                                0x08000000   Data           4  startup_stm32f10x_hd.o(RESET)
    __Vectors_End                            0x08000130   Data           0  startup_stm32f10x_hd.o(RESET)
    __main                                   0x08000131   Thumb Code     8  __main.o(!!!main)
    __scatterload                            0x08000139   Thumb Code     0  __scatter.o(!!!scatter)
    __scatterload_rt2                        0x08000139   Thumb Code    44  __scatter.o(!!!scatter)
    __scatterload_rt2_thumb_only             0x08000139   Thumb Code     0  __scatter.o(!!!scatter)
    __scatterload_null                       0x08000147   Thumb Code     0  __scatter.o(!!!scatter)
    __scatterload_copy                       0x0800016d   Thumb Code    26  __scatter_copy.o(!!handler_copy)
    __scatterload_zeroinit                   0x08000189   Thumb Code    28  __scatter_zi.o(!!handler_zi)
    _printf_d                                0x080001a5   Thumb Code     0  _printf_d.o(.ARM.Collect$$_printf_percent$$00000009)
    _printf_percent                          0x080001a5   Thumb Code     0  _printf_percent.o(.ARM.Collect$$_printf_percent$$00000000)
    _printf_x                                0x080001ab   Thumb Code     0  _printf_x.o(.ARM.Collect$$_printf_percent$$0000000C)
    _printf_s                                0x080001b1   Thumb Code     0  _printf_s.o(.ARM.Collect$$_printf_percent$$00000014)
    _printf_percent_end                      0x080001b7   Thumb Code     0  _printf_percent_end.o(.ARM.Collect$$_printf_percent$$00000017)
    __rt_lib_init                            0x080001bb   Thumb Code     0  libinit.o(.ARM.Collect$$libinit$$00000000)
    __rt_lib_init_alloca_1                   0x080001bd   Thumb Code     0  libinit2.o(.ARM.Collect$$libinit$$0000002E)
    __rt_lib_init_argv_1                     0x080001bd   Thumb Code     0  libinit2.o(.ARM.Collect$$libinit$$0000002C)
    __rt_lib_init_atexit_1                   0x080001bd   Thumb Code     0  libinit2.o(.ARM.Collect$$libinit$$0000001B)
    __rt_lib_init_clock_1                    0x080001bd   Thumb Code     0  libinit2.o(.ARM.Collect$$libinit$$00000021)
    __rt_lib_init_cpp_1                      0x080001bd   Thumb Code     0  libinit2.o(.ARM.Collect$$libinit$$00000032)
    __rt_lib_init_exceptions_1               0x080001bd   Thumb Code     0  libinit2.o(.ARM.Collect$$libinit$$00000030)
    __rt_lib_init_fp_1                       0x080001bd   Thumb Code     0  libinit2.o(.ARM.Collect$$libinit$$00000002)
    __rt_lib_init_fp_trap_1                  0x080001bd   Thumb Code     0  libinit2.o(.ARM.Collect$$libinit$$0000001F)
    __rt_lib_init_getenv_1                   0x080001bd   Thumb Code     0  libinit2.o(.ARM.Collect$$libinit$$00000023)
    __rt_lib_init_heap_1                     0x080001bd   Thumb Code     0  libinit2.o(.ARM.Collect$$libinit$$0000000A)
    __rt_lib_init_lc_collate_1               0x080001bd   Thumb Code     0  libinit2.o(.ARM.Collect$$libinit$$00000011)
    __rt_lib_init_lc_ctype_1                 0x080001bd   Thumb Code     0  libinit2.o(.ARM.Collect$$libinit$$00000013)
    __rt_lib_init_lc_monetary_1              0x080001bd   Thumb Code     0  libinit2.o(.ARM.Collect$$libinit$$00000015)
    __rt_lib_init_lc_numeric_1               0x080001bd   Thumb Code     0  libinit2.o(.ARM.Collect$$libinit$$00000017)
    __rt_lib_init_lc_time_1                  0x080001bd   Thumb Code     0  libinit2.o(.ARM.Collect$$libinit$$00000019)
    __rt_lib_init_preinit_1                  0x080001bd   Thumb Code     0  libinit2.o(.ARM.Collect$$libinit$$00000004)
    __rt_lib_init_rand_1                     0x080001bd   Thumb Code     0  libinit2.o(.ARM.Collect$$libinit$$0000000E)
    __rt_lib_init_return                     0x080001bd   Thumb Code     0  libinit2.o(.ARM.Collect$$libinit$$00000033)
    __rt_lib_init_signal_1                   0x080001bd   Thumb Code     0  libinit2.o(.ARM.Collect$$libinit$$0000001D)
    __rt_lib_init_stdio_1                    0x080001bd   Thumb Code     0  libinit2.o(.ARM.Collect$$libinit$$00000025)
    __rt_lib_init_user_alloc_1               0x080001bd   Thumb Code     0  libinit2.o(.ARM.Collect$$libinit$$0000000C)
    __rt_lib_shutdown                        0x080001bf   Thumb Code     0  libshutdown.o(.ARM.Collect$$libshutdown$$00000000)
    __rt_lib_shutdown_cpp_1                  0x080001c1   Thumb Code     0  libshutdown2.o(.ARM.Collect$$libshutdown$$00000002)
    __rt_lib_shutdown_fp_trap_1              0x080001c1   Thumb Code     0  libshutdown2.o(.ARM.Collect$$libshutdown$$00000007)
    __rt_lib_shutdown_heap_1                 0x080001c1   Thumb Code     0  libshutdown2.o(.ARM.Collect$$libshutdown$$0000000F)
    __rt_lib_shutdown_return                 0x080001c1   Thumb Code     0  libshutdown2.o(.ARM.Collect$$libshutdown$$00000010)
    __rt_lib_shutdown_signal_1               0x080001c1   Thumb Code     0  libshutdown2.o(.ARM.Collect$$libshutdown$$0000000A)
    __rt_lib_shutdown_stdio_1                0x080001c1   Thumb Code     0  libshutdown2.o(.ARM.Collect$$libshutdown$$00000004)
    __rt_lib_shutdown_user_alloc_1           0x080001c1   Thumb Code     0  libshutdown2.o(.ARM.Collect$$libshutdown$$0000000C)
    __rt_entry                               0x080001c3   Thumb Code     0  __rtentry.o(.ARM.Collect$$rtentry$$00000000)
    __rt_entry_presh_1                       0x080001c3   Thumb Code     0  __rtentry2.o(.ARM.Collect$$rtentry$$00000002)
    __rt_entry_sh                            0x080001c3   Thumb Code     0  __rtentry4.o(.ARM.Collect$$rtentry$$00000004)
    __rt_entry_li                            0x080001c9   Thumb Code     0  __rtentry2.o(.ARM.Collect$$rtentry$$0000000A)
    __rt_entry_postsh_1                      0x080001c9   Thumb Code     0  __rtentry2.o(.ARM.Collect$$rtentry$$00000009)
    __rt_entry_main                          0x080001cd   Thumb Code     0  __rtentry2.o(.ARM.Collect$$rtentry$$0000000D)
    __rt_entry_postli_1                      0x080001cd   Thumb Code     0  __rtentry2.o(.ARM.Collect$$rtentry$$0000000C)
    __rt_exit                                0x080001d5   Thumb Code     0  rtexit.o(.ARM.Collect$$rtexit$$00000000)
    __rt_exit_ls                             0x080001d7   Thumb Code     0  rtexit2.o(.ARM.Collect$$rtexit$$00000003)
    __rt_exit_prels_1                        0x080001d7   Thumb Code     0  rtexit2.o(.ARM.Collect$$rtexit$$00000002)
    __rt_exit_exit                           0x080001db   Thumb Code     0  rtexit2.o(.ARM.Collect$$rtexit$$00000004)
    SVC_Handler                              0x080001e1   Thumb Code    32  port.o(.emb_text)
    __asm___6_port_c_39a90d8d__prvStartFirstTask 0x08000205   Thumb Code    28  port.o(.emb_text)
    PendSV_Handler                           0x08000225   Thumb Code    72  port.o(.emb_text)
    vPortGetIPSR                             0x08000271   Thumb Code     6  port.o(.emb_text)
    Reset_Handler                            0x08000279   Thumb Code     8  startup_stm32f10x_hd.o(.text)
    ADC1_2_IRQHandler                        0x08000293   Thumb Code     0  startup_stm32f10x_hd.o(.text)
    ADC3_IRQHandler                          0x08000293   Thumb Code     0  startup_stm32f10x_hd.o(.text)
    CAN1_RX1_IRQHandler                      0x08000293   Thumb Code     0  startup_stm32f10x_hd.o(.text)
    CAN1_SCE_IRQHandler                      0x08000293   Thumb Code     0  startup_stm32f10x_hd.o(.text)
    DMA1_Channel1_IRQHandler                 0x08000293   Thumb Code     0  startup_stm32f10x_hd.o(.text)
    DMA1_Channel2_IRQHandler                 0x08000293   Thumb Code     0  startup_stm32f10x_hd.o(.text)
    DMA1_Channel3_IRQHandler                 0x08000293   Thumb Code     0  startup_stm32f10x_hd.o(.text)
    DMA1_Channel4_IRQHandler                 0x08000293   Thumb Code     0  startup_stm32f10x_hd.o(.text)
    DMA1_Channel5_IRQHandler                 0x08000293   Thumb Code     0  startup_stm32f10x_hd.o(.text)
    DMA1_Channel6_IRQHandler                 0x08000293   Thumb Code     0  startup_stm32f10x_hd.o(.text)
    DMA1_Channel7_IRQHandler                 0x08000293   Thumb Code     0  startup_stm32f10x_hd.o(.text)
    DMA2_Channel1_IRQHandler                 0x08000293   Thumb Code     0  startup_stm32f10x_hd.o(.text)
    DMA2_Channel2_IRQHandler                 0x08000293   Thumb Code     0  startup_stm32f10x_hd.o(.text)
    DMA2_Channel3_IRQHandler                 0x08000293   Thumb Code     0  startup_stm32f10x_hd.o(.text)
    DMA2_Channel4_5_IRQHandler               0x08000293   Thumb Code     0  startup_stm32f10x_hd.o(.text)
    EXTI0_IRQHandler                         0x08000293   Thumb Code     0  startup_stm32f10x_hd.o(.text)
    EXTI15_10_IRQHandler                     0x08000293   Thumb Code     0  startup_stm32f10x_hd.o(.text)
    EXTI1_IRQHandler                         0x08000293   Thumb Code     0  startup_stm32f10x_hd.o(.text)
    EXTI2_IRQHandler                         0x08000293   Thumb Code     0  startup_stm32f10x_hd.o(.text)
    EXTI3_IRQHandler                         0x08000293   Thumb Code     0  startup_stm32f10x_hd.o(.text)
    EXTI4_IRQHandler                         0x08000293   Thumb Code     0  startup_stm32f10x_hd.o(.text)
    EXTI9_5_IRQHandler                       0x08000293   Thumb Code     0  startup_stm32f10x_hd.o(.text)
    FLASH_IRQHandler                         0x08000293   Thumb Code     0  startup_stm32f10x_hd.o(.text)
    FSMC_IRQHandler                          0x08000293   Thumb Code     0  startup_stm32f10x_hd.o(.text)
    I2C1_ER_IRQHandler                       0x08000293   Thumb Code     0  startup_stm32f10x_hd.o(.text)
    I2C1_EV_IRQHandler                       0x08000293   Thumb Code     0  startup_stm32f10x_hd.o(.text)
    I2C2_ER_IRQHandler                       0x08000293   Thumb Code     0  startup_stm32f10x_hd.o(.text)
    I2C2_EV_IRQHandler                       0x08000293   Thumb Code     0  startup_stm32f10x_hd.o(.text)
    PVD_IRQHandler                           0x08000293   Thumb Code     0  startup_stm32f10x_hd.o(.text)
    RCC_IRQHandler                           0x08000293   Thumb Code     0  startup_stm32f10x_hd.o(.text)
    RTCAlarm_IRQHandler                      0x08000293   Thumb Code     0  startup_stm32f10x_hd.o(.text)
    RTC_IRQHandler                           0x08000293   Thumb Code     0  startup_stm32f10x_hd.o(.text)
    SDIO_IRQHandler                          0x08000293   Thumb Code     0  startup_stm32f10x_hd.o(.text)
    SPI1_IRQHandler                          0x08000293   Thumb Code     0  startup_stm32f10x_hd.o(.text)
    SPI2_IRQHandler                          0x08000293   Thumb Code     0  startup_stm32f10x_hd.o(.text)
    SPI3_IRQHandler                          0x08000293   Thumb Code     0  startup_stm32f10x_hd.o(.text)
    TAMPER_IRQHandler                        0x08000293   Thumb Code     0  startup_stm32f10x_hd.o(.text)
    TIM1_BRK_IRQHandler                      0x08000293   Thumb Code     0  startup_stm32f10x_hd.o(.text)
    TIM1_CC_IRQHandler                       0x08000293   Thumb Code     0  startup_stm32f10x_hd.o(.text)
    TIM1_TRG_COM_IRQHandler                  0x08000293   Thumb Code     0  startup_stm32f10x_hd.o(.text)
    TIM1_UP_IRQHandler                       0x08000293   Thumb Code     0  startup_stm32f10x_hd.o(.text)
    TIM2_IRQHandler                          0x08000293   Thumb Code     0  startup_stm32f10x_hd.o(.text)
    TIM4_IRQHandler                          0x08000293   Thumb Code     0  startup_stm32f10x_hd.o(.text)
    TIM6_IRQHandler                          0x08000293   Thumb Code     0  startup_stm32f10x_hd.o(.text)
    TIM7_IRQHandler                          0x08000293   Thumb Code     0  startup_stm32f10x_hd.o(.text)
    TIM8_BRK_IRQHandler                      0x08000293   Thumb Code     0  startup_stm32f10x_hd.o(.text)
    TIM8_CC_IRQHandler                       0x08000293   Thumb Code     0  startup_stm32f10x_hd.o(.text)
    TIM8_TRG_COM_IRQHandler                  0x08000293   Thumb Code     0  startup_stm32f10x_hd.o(.text)
    TIM8_UP_IRQHandler                       0x08000293   Thumb Code     0  startup_stm32f10x_hd.o(.text)
    UART4_IRQHandler                         0x08000293   Thumb Code     0  startup_stm32f10x_hd.o(.text)
    UART5_IRQHandler                         0x08000293   Thumb Code     0  startup_stm32f10x_hd.o(.text)
    USART2_IRQHandler                        0x08000293   Thumb Code     0  startup_stm32f10x_hd.o(.text)
    USART3_IRQHandler                        0x08000293   Thumb Code     0  startup_stm32f10x_hd.o(.text)
    USBWakeUp_IRQHandler                     0x08000293   Thumb Code     0  startup_stm32f10x_hd.o(.text)
    USB_HP_CAN1_TX_IRQHandler                0x08000293   Thumb Code     0  startup_stm32f10x_hd.o(.text)
    USB_LP_CAN1_RX0_IRQHandler               0x08000293   Thumb Code     0  startup_stm32f10x_hd.o(.text)
    WWDG_IRQHandler                          0x08000293   Thumb Code     0  startup_stm32f10x_hd.o(.text)
    __user_initial_stackheap                 0x08000295   Thumb Code     0  startup_stm32f10x_hd.o(.text)
    __use_no_semihosting                     0x080002b9   Thumb Code     2  use_no_semi_2.o(.text)
    __2printf                                0x080002bd   Thumb Code    20  noretval__2printf.o(.text)
    __printf                                 0x080002d5   Thumb Code   104  __printf.o(.text)
    _printf_str                              0x0800033d   Thumb Code    82  _printf_str.o(.text)
    _printf_int_dec                          0x08000391   Thumb Code   104  _printf_dec.o(.text)
    _printf_int_hex                          0x08000409   Thumb Code    84  _printf_hex_int.o(.text)
    _printf_longlong_hex                     0x08000409   Thumb Code     0  _printf_hex_int.o(.text)
    __aeabi_memcpy                           0x08000461   Thumb Code     0  rt_memcpy_v6.o(.text)
    __rt_memcpy                              0x08000461   Thumb Code   138  rt_memcpy_v6.o(.text)
    _memcpy_lastbytes                        0x080004c7   Thumb Code     0  rt_memcpy_v6.o(.text)
    __aeabi_memset                           0x080004eb   Thumb Code    16  aeabi_memset.o(.text)
    __use_two_region_memory                  0x080004fb   Thumb Code     2  heapauxi.o(.text)
    __rt_heap_escrow$2region                 0x080004fd   Thumb Code     2  heapauxi.o(.text)
    __rt_heap_expand$2region                 0x080004ff   Thumb Code     2  heapauxi.o(.text)
    __I$use$semihosting                      0x08000501   Thumb Code     0  use_no_semi.o(.text)
    __use_no_semihosting_swi                 0x08000501   Thumb Code     2  use_no_semi.o(.text)
    _printf_int_common                       0x08000503   Thumb Code   178  _printf_intcommon.o(.text)
    _printf_char_common                      0x080005bf   Thumb Code    32  _printf_char_common.o(.text)
    _printf_cs_common                        0x080005e5   Thumb Code    20  _printf_char.o(.text)
    _printf_char                             0x080005f9   Thumb Code    16  _printf_char.o(.text)
    _printf_string                           0x08000609   Thumb Code     8  _printf_char.o(.text)
    _printf_char_file                        0x08000611   Thumb Code    32  _printf_char_file.o(.text)
    __aeabi_memcpy4                          0x08000635   Thumb Code     0  rt_memcpy_w.o(.text)
    __aeabi_memcpy8                          0x08000635   Thumb Code     0  rt_memcpy_w.o(.text)
    __rt_memcpy_w                            0x08000635   Thumb Code   100  rt_memcpy_w.o(.text)
    _memcpy_lastbytes_aligned                0x0800067d   Thumb Code     0  rt_memcpy_w.o(.text)
    __aeabi_memclr                           0x08000699   Thumb Code     0  rt_memclr.o(.text)
    __rt_memclr                              0x08000699   Thumb Code    68  rt_memclr.o(.text)
    _memset                                  0x0800069d   Thumb Code     0  rt_memclr.o(.text)
    ferror                                   0x080006dd   Thumb Code     8  ferror.o(.text)
    __aeabi_memclr4                          0x080006e5   Thumb Code     0  rt_memclr_w.o(.text)
    __aeabi_memclr8                          0x080006e5   Thumb Code     0  rt_memclr_w.o(.text)
    __rt_memclr_w                            0x080006e5   Thumb Code    78  rt_memclr_w.o(.text)
    _memset_w                                0x080006e9   Thumb Code     0  rt_memclr_w.o(.text)
    __user_setup_stackheap                   0x08000733   Thumb Code    74  sys_stackheap_outer.o(.text)
    exit                                     0x0800077d   Thumb Code    18  exit.o(.text)
    __user_libspace                          0x08000791   Thumb Code     8  libspace.o(.text)
    __user_perproc_libspace                  0x08000791   Thumb Code     0  libspace.o(.text)
    __user_perthread_libspace                0x08000791   Thumb Code     0  libspace.o(.text)
    BusFault_Handler                         0x08000799   Thumb Code     2  stm32f10x_it.o(i.BusFault_Handler)
    DebugMon_Handler                         0x0800079b   Thumb Code     2  stm32f10x_it.o(i.DebugMon_Handler)
    GPIO_Init                                0x0800079d   Thumb Code   156  stm32f10x_gpio.o(i.GPIO_Init)
    GPIO_SetBits                             0x08000839   Thumb Code     4  stm32f10x_gpio.o(i.GPIO_SetBits)
    HardFault_Handler                        0x0800083d   Thumb Code     2  stm32f10x_it.o(i.HardFault_Handler)
    LCD_Clear                                0x08000841   Thumb Code   102  lcd.o(i.LCD_Clear)
    LCD_Display_Dir                          0x080008ad   Thumb Code   304  lcd.o(i.LCD_Display_Dir)
    LCD_DrawLine                             0x080009e1   Thumb Code   150  lcd.o(i.LCD_DrawLine)
    LCD_DrawPoint                            0x08000a79   Thumb Code    22  lcd.o(i.LCD_DrawPoint)
    LCD_DrawRectangle                        0x08000a95   Thumb Code    56  lcd.o(i.LCD_DrawRectangle)
    LCD_Fast_DrawPoint                       0x08000acd   Thumb Code   266  lcd.o(i.LCD_Fast_DrawPoint)
    LCD_Fill                                 0x08000bdd   Thumb Code   132  lcd.o(i.LCD_Fill)
    LCD_Init                                 0x08000c65   Thumb Code 13734  lcd.o(i.LCD_Init)
    LCD_Pow                                  0x08004211   Thumb Code    16  lcd.o(i.LCD_Pow)
    LCD_RD_DATA                              0x08004221   Thumb Code    18  lcd.o(i.LCD_RD_DATA)
    LCD_ReadReg                              0x08004233   Thumb Code    24  lcd.o(i.LCD_ReadReg)
    LCD_SSD_BackLightSet                     0x0800424d   Thumb Code    70  lcd.o(i.LCD_SSD_BackLightSet)
    LCD_Scan_Dir                             0x08004299   Thumb Code   510  lcd.o(i.LCD_Scan_Dir)
    LCD_SetCursor                            0x0800449d   Thumb Code   332  lcd.o(i.LCD_SetCursor)
    LCD_ShowChar                             0x080045ed   Thumb Code   182  lcd.o(i.LCD_ShowChar)
    LCD_ShowString                           0x080046b9   Thumb Code    84  lcd.o(i.LCD_ShowString)
    LCD_ShowxNum                             0x0800470d   Thumb Code   134  lcd.o(i.LCD_ShowxNum)
    LCD_WR_DATA                              0x08004793   Thumb Code    22  lcd.o(i.LCD_WR_DATA)
    LCD_WR_REG                               0x080047a9   Thumb Code    22  lcd.o(i.LCD_WR_REG)
    LCD_WriteRAM_Prepare                     0x080047c1   Thumb Code    12  lcd.o(i.LCD_WriteRAM_Prepare)
    LCD_WriteReg                             0x080047d1   Thumb Code    20  lcd.o(i.LCD_WriteReg)
    LED_Init                                 0x080047e5   Thumb Code    50  led.o(i.LED_Init)
    MemManage_Handler                        0x0800481d   Thumb Code     2  stm32f10x_it.o(i.MemManage_Handler)
    NMI_Handler                              0x0800481f   Thumb Code     2  stm32f10x_it.o(i.NMI_Handler)
    NVIC_Init                                0x08004821   Thumb Code    94  misc.o(i.NVIC_Init)
    NVIC_PriorityGroupConfig                 0x08004885   Thumb Code    10  misc.o(i.NVIC_PriorityGroupConfig)
    RCC_APB2PeriphClockCmd                   0x08004899   Thumb Code    18  stm32f10x_rcc.o(i.RCC_APB2PeriphClockCmd)
    RCC_GetClocksFreq                        0x080048b1   Thumb Code   132  stm32f10x_rcc.o(i.RCC_GetClocksFreq)
    SysTick_CLKSourceConfig                  0x080049ed   Thumb Code    24  misc.o(i.SysTick_CLKSourceConfig)
    SysTick_Handler                          0x08004a05   Thumb Code    20  delay.o(i.SysTick_Handler)
    SystemInit                               0x08004a19   Thumb Code    64  system_stm32f10x.o(i.SystemInit)
    TIM3_IRQHandler                          0x08004a69   Thumb Code    34  timer.o(i.TIM3_IRQHandler)
    TIM5_IRQHandler                          0x08004aa5   Thumb Code    34  timer.o(i.TIM5_IRQHandler)
    TIM_ClearITPendingBit                    0x08004ae1   Thumb Code     6  stm32f10x_tim.o(i.TIM_ClearITPendingBit)
    TIM_GetITStatus                          0x08004ae7   Thumb Code    24  stm32f10x_tim.o(i.TIM_GetITStatus)
    USART1_IRQHandler                        0x08004b01   Thumb Code    88  usart.o(i.USART1_IRQHandler)
    USART_Cmd                                0x08004b65   Thumb Code    20  stm32f10x_usart.o(i.USART_Cmd)
    USART_GetITStatus                        0x08004b79   Thumb Code    62  stm32f10x_usart.o(i.USART_GetITStatus)
    USART_ITConfig                           0x08004bb7   Thumb Code    48  stm32f10x_usart.o(i.USART_ITConfig)
    USART_Init                               0x08004be9   Thumb Code   166  stm32f10x_usart.o(i.USART_Init)
    USART_ReceiveData                        0x08004c95   Thumb Code     8  stm32f10x_usart.o(i.USART_ReceiveData)
    UsageFault_Handler                       0x08004c9d   Thumb Code     2  stm32f10x_it.o(i.UsageFault_Handler)
    _sys_exit                                0x08004c9f   Thumb Code     2  usart.o(i._sys_exit)
    delay_init                               0x08004ca1   Thumb Code    60  delay.o(i.delay_init)
    delay_ms                                 0x08004ce9   Thumb Code    52  delay.o(i.delay_ms)
    delay_us                                 0x08004d21   Thumb Code    48  delay.o(i.delay_us)
    fputc                                    0x08004d55   Thumb Code    18  usart.o(i.fputc)
    main                                     0x08004d6d   Thumb Code   158  main.o(i.main)
    pvPortMalloc                             0x080056e1   Thumb Code   214  heap_4.o(i.pvPortMalloc)
    pvTaskIncrementMutexHeldCount            0x080057f5   Thumb Code    18  tasks.o(i.pvTaskIncrementMutexHeldCount)
    pxPortInitialiseStack                    0x0800580d   Thumb Code    32  port.o(i.pxPortInitialiseStack)
    start_task                               0x08005831   Thumb Code    66  main.o(i.start_task)
    task1_task                               0x08005899   Thumb Code   184  main.o(i.task1_task)
    task2_task                               0x08005999   Thumb Code   162  main.o(i.task2_task)
    uart_init                                0x08005a71   Thumb Code   152  usart.o(i.uart_init)
    uxListRemove                             0x08005b11   Thumb Code    36  list.o(i.uxListRemove)
    vListInitialise                          0x08005b35   Thumb Code    22  list.o(i.vListInitialise)
    vListInitialiseItem                      0x08005b4b   Thumb Code     6  list.o(i.vListInitialiseItem)
    vListInsert                              0x08005b51   Thumb Code    48  list.o(i.vListInsert)
    vListInsertEnd                           0x08005b81   Thumb Code    24  list.o(i.vListInsertEnd)
    vPortEnterCritical                       0x08005b99   Thumb Code    50  port.o(i.vPortEnterCritical)
    vPortExitCritical                        0x08005c11   Thumb Code    34  port.o(i.vPortExitCritical)
    vPortFree                                0x08005c75   Thumb Code    94  heap_4.o(i.vPortFree)
    vPortSetupTimerInterrupt                 0x08005d11   Thumb Code    26  port.o(i.vPortSetupTimerInterrupt)
    vPortValidateInterruptPriority           0x08005d31   Thumb Code    70  port.o(i.vPortValidateInterruptPriority)
    vQueueAddToRegistry                      0x08005dbd   Thumb Code    32  queue.o(i.vQueueAddToRegistry)
    vQueueWaitForMessageRestricted           0x08005de1   Thumb Code    68  queue.o(i.vQueueWaitForMessageRestricted)
    vTaskDelay                               0x08005e25   Thumb Code    62  tasks.o(i.vTaskDelay)
    vTaskDelete                              0x08005e91   Thumb Code   152  tasks.o(i.vTaskDelete)
    vTaskMissedYield                         0x08005f5d   Thumb Code     8  tasks.o(i.vTaskMissedYield)
    vTaskPlaceOnEventList                    0x08005f69   Thumb Code    44  tasks.o(i.vTaskPlaceOnEventList)
    vTaskPlaceOnEventListRestricted          0x08005fbd   Thumb Code    52  tasks.o(i.vTaskPlaceOnEventListRestricted)
    vTaskPriorityInherit                     0x08006019   Thumb Code   124  tasks.o(i.vTaskPriorityInherit)
    vTaskSetTimeOutState                     0x0800609d   Thumb Code    30  tasks.o(i.vTaskSetTimeOutState)
    vTaskStartScheduler                      0x080060e5   Thumb Code    96  tasks.o(i.vTaskStartScheduler)
    vTaskSuspendAll                          0x08006179   Thumb Code    10  tasks.o(i.vTaskSuspendAll)
    vTaskSwitchContext                       0x08006189   Thumb Code    80  tasks.o(i.vTaskSwitchContext)
    xPortStartScheduler                      0x08006205   Thumb Code   108  port.o(i.xPortStartScheduler)
    xPortSysTickHandler                      0x0800627d   Thumb Code    38  port.o(i.xPortSysTickHandler)
    xQueueGenericCreate                      0x080062a9   Thumb Code    82  queue.o(i.xQueueGenericCreate)
    xQueueGenericReceive                     0x08006321   Thumb Code   348  queue.o(i.xQueueGenericReceive)
    xQueueGenericReset                       0x080064a5   Thumb Code   128  queue.o(i.xQueueGenericReset)
    xQueueGenericSend                        0x0800654d   Thumb Code   350  queue.o(i.xQueueGenericSend)
    xQueueGenericSendFromISR                 0x080066d5   Thumb Code   188  queue.o(i.xQueueGenericSendFromISR)
    xTaskCheckForTimeOut                     0x080067b5   Thumb Code    94  tasks.o(i.xTaskCheckForTimeOut)
    xTaskCreate                              0x0800683d   Thumb Code    86  tasks.o(i.xTaskCreate)
    xTaskGetSchedulerState                   0x08006895   Thumb Code    22  tasks.o(i.xTaskGetSchedulerState)
    xTaskGetTickCount                        0x080068b1   Thumb Code     6  tasks.o(i.xTaskGetTickCount)
    xTaskIncrementTick                       0x080068bd   Thumb Code   188  tasks.o(i.xTaskIncrementTick)
    xTaskPriorityDisinherit                  0x080069a5   Thumb Code   136  tasks.o(i.xTaskPriorityDisinherit)
    xTaskRemoveFromEventList                 0x08006a59   Thumb Code   102  tasks.o(i.xTaskRemoveFromEventList)
    xTaskResumeAll                           0x08006af1   Thumb Code   180  tasks.o(i.xTaskResumeAll)
    xTimerCreate                             0x08006bd5   Thumb Code    74  timers.o(i.xTimerCreate)
    xTimerCreateTimerTask                    0x08006c49   Thumb Code    58  timers.o(i.xTimerCreateTimerTask)
    xTimerGenericCommand                     0x08006cbd   Thumb Code    98  timers.o(i.xTimerGenericCommand)
    __aeabi_d2uiz                            0x08006d4d   Thumb Code     0  dfixu.o(x$fpl$dfixu)
    _dfixu                                   0x08006d4d   Thumb Code    90  dfixu.o(x$fpl$dfixu)
    __aeabi_ui2d                             0x08006da7   Thumb Code     0  dflt_clz.o(x$fpl$dfltu)
    _dfltu                                   0x08006da7   Thumb Code    38  dflt_clz.o(x$fpl$dfltu)
    __aeabi_dmul                             0x08006dcd   Thumb Code     0  dmul.o(x$fpl$dmul)
    _dmul                                    0x08006dcd   Thumb Code   332  dmul.o(x$fpl$dmul)
    __fpl_dnaninf                            0x08006f21   Thumb Code   156  dnaninf.o(x$fpl$dnaninf)
    __fpl_dretinf                            0x08006fbd   Thumb Code    12  dretinf.o(x$fpl$dretinf)
    __I$use$fp                               0x08006fc8   Number         0  usenofp.o(x$fpl$usenofp)
    asc2_1206                                0x08006fc8   Data        1140  lcd.o(.constdata)
    asc2_1608                                0x0800743c   Data        1520  lcd.o(.constdata)
    asc2_2412                                0x08007a2c   Data        3420  lcd.o(.constdata)
    Region$$Table$$Base                      0x080087b0   Number         0  anon$$obj.o(Region$$Table)
    Region$$Table$$Limit                     0x080087d0   Number         0  anon$$obj.o(Region$$Table)
    StartTask_Handler                        0x20000000   Data           4  main.o(.data)
    Task1Task_Handler                        0x20000004   Data           4  main.o(.data)
    Task2Task_Handler                        0x20000008   Data           4  main.o(.data)
    lcd_discolor                             0x2000000c   Data          56  main.o(.data)
    SystemCoreClock                          0x20000044   Data           4  system_stm32f10x.o(.data)
    AHBPrescTable                            0x20000048   Data          16  system_stm32f10x.o(.data)
    POINT_COLOR                              0x20000058   Data           2  lcd.o(.data)
    BACK_COLOR                               0x2000005a   Data           2  lcd.o(.data)
    USART_RX_STA                             0x20000060   Data           2  usart.o(.data)
    __stdout                                 0x20000064   Data           4  usart.o(.data)
    pxCurrentTCB                             0x2000007c   Data           4  tasks.o(.data)
    lcddev                                   0x200000f0   Data          14  lcd.o(.bss)
    USART_RX_BUF                             0x200000fe   Data         200  usart.o(.bss)
    xQueueRegistry                           0x200001c8   Data          64  queue.o(.bss)
    __libspace_start                         0x20005514   Data          96  libspace.o(.bss)
    __temporary_stack_top$libspace           0x20005574   Data           0  libspace.o(.bss)



==============================================================================

Memory Map of the image

  Image Entry point : 0x08000279

  Load Region LR_1 (Base: 0x08000000, Size: 0x000088c0, Max: 0xffffffff, ABSOLUTE)

    Execution Region ER_RO (Base: 0x08000000, Size: 0x000087d0, Max: 0xffffffff, ABSOLUTE)

    Base Addr    Size         Type   Attr      Idx    E Section Name        Object

    0x08000000   0x00000130   Data   RO          776    RESET               startup_stm32f10x_hd.o
    0x08000130   0x00000008   Code   RO         3028  * !!!main             c_w.l(__main.o)
    0x08000138   0x00000034   Code   RO         3223    !!!scatter          c_w.l(__scatter.o)
    0x0800016c   0x0000001a   Code   RO         3225    !!handler_copy      c_w.l(__scatter_copy.o)
    0x08000186   0x00000002   PAD
    0x08000188   0x0000001c   Code   RO         3227    !!handler_zi        c_w.l(__scatter_zi.o)
    0x080001a4   0x00000000   Code   RO         3017    .ARM.Collect$$_printf_percent$$00000000  c_w.l(_printf_percent.o)
    0x080001a4   0x00000006   Code   RO         3015    .ARM.Collect$$_printf_percent$$00000009  c_w.l(_printf_d.o)
    0x080001aa   0x00000006   Code   RO         3014    .ARM.Collect$$_printf_percent$$0000000C  c_w.l(_printf_x.o)
    0x080001b0   0x00000006   Code   RO         3013    .ARM.Collect$$_printf_percent$$00000014  c_w.l(_printf_s.o)
    0x080001b6   0x00000004   Code   RO         3055    .ARM.Collect$$_printf_percent$$00000017  c_w.l(_printf_percent_end.o)
    0x080001ba   0x00000002   Code   RO         3097    .ARM.Collect$$libinit$$00000000  c_w.l(libinit.o)
    0x080001bc   0x00000000   Code   RO         3104    .ARM.Collect$$libinit$$00000002  c_w.l(libinit2.o)
    0x080001bc   0x00000000   Code   RO         3106    .ARM.Collect$$libinit$$00000004  c_w.l(libinit2.o)
    0x080001bc   0x00000000   Code   RO         3109    .ARM.Collect$$libinit$$0000000A  c_w.l(libinit2.o)
    0x080001bc   0x00000000   Code   RO         3111    .ARM.Collect$$libinit$$0000000C  c_w.l(libinit2.o)
    0x080001bc   0x00000000   Code   RO         3113    .ARM.Collect$$libinit$$0000000E  c_w.l(libinit2.o)
    0x080001bc   0x00000000   Code   RO         3116    .ARM.Collect$$libinit$$00000011  c_w.l(libinit2.o)
    0x080001bc   0x00000000   Code   RO         3118    .ARM.Collect$$libinit$$00000013  c_w.l(libinit2.o)
    0x080001bc   0x00000000   Code   RO         3120    .ARM.Collect$$libinit$$00000015  c_w.l(libinit2.o)
    0x080001bc   0x00000000   Code   RO         3122    .ARM.Collect$$libinit$$00000017  c_w.l(libinit2.o)
    0x080001bc   0x00000000   Code   RO         3124    .ARM.Collect$$libinit$$00000019  c_w.l(libinit2.o)
    0x080001bc   0x00000000   Code   RO         3126    .ARM.Collect$$libinit$$0000001B  c_w.l(libinit2.o)
    0x080001bc   0x00000000   Code   RO         3128    .ARM.Collect$$libinit$$0000001D  c_w.l(libinit2.o)
    0x080001bc   0x00000000   Code   RO         3130    .ARM.Collect$$libinit$$0000001F  c_w.l(libinit2.o)
    0x080001bc   0x00000000   Code   RO         3132    .ARM.Collect$$libinit$$00000021  c_w.l(libinit2.o)
    0x080001bc   0x00000000   Code   RO         3134    .ARM.Collect$$libinit$$00000023  c_w.l(libinit2.o)
    0x080001bc   0x00000000   Code   RO         3136    .ARM.Collect$$libinit$$00000025  c_w.l(libinit2.o)
    0x080001bc   0x00000000   Code   RO         3140    .ARM.Collect$$libinit$$0000002C  c_w.l(libinit2.o)
    0x080001bc   0x00000000   Code   RO         3142    .ARM.Collect$$libinit$$0000002E  c_w.l(libinit2.o)
    0x080001bc   0x00000000   Code   RO         3144    .ARM.Collect$$libinit$$00000030  c_w.l(libinit2.o)
    0x080001bc   0x00000000   Code   RO         3146    .ARM.Collect$$libinit$$00000032  c_w.l(libinit2.o)
    0x080001bc   0x00000002   Code   RO         3147    .ARM.Collect$$libinit$$00000033  c_w.l(libinit2.o)
    0x080001be   0x00000002   Code   RO         3165    .ARM.Collect$$libshutdown$$00000000  c_w.l(libshutdown.o)
    0x080001c0   0x00000000   Code   RO         3175    .ARM.Collect$$libshutdown$$00000002  c_w.l(libshutdown2.o)
    0x080001c0   0x00000000   Code   RO         3177    .ARM.Collect$$libshutdown$$00000004  c_w.l(libshutdown2.o)
    0x080001c0   0x00000000   Code   RO         3180    .ARM.Collect$$libshutdown$$00000007  c_w.l(libshutdown2.o)
    0x080001c0   0x00000000   Code   RO         3183    .ARM.Collect$$libshutdown$$0000000A  c_w.l(libshutdown2.o)
    0x080001c0   0x00000000   Code   RO         3185    .ARM.Collect$$libshutdown$$0000000C  c_w.l(libshutdown2.o)
    0x080001c0   0x00000000   Code   RO         3188    .ARM.Collect$$libshutdown$$0000000F  c_w.l(libshutdown2.o)
    0x080001c0   0x00000002   Code   RO         3189    .ARM.Collect$$libshutdown$$00000010  c_w.l(libshutdown2.o)
    0x080001c2   0x00000000   Code   RO         3044    .ARM.Collect$$rtentry$$00000000  c_w.l(__rtentry.o)
    0x080001c2   0x00000000   Code   RO         3066    .ARM.Collect$$rtentry$$00000002  c_w.l(__rtentry2.o)
    0x080001c2   0x00000006   Code   RO         3078    .ARM.Collect$$rtentry$$00000004  c_w.l(__rtentry4.o)
    0x080001c8   0x00000000   Code   RO         3068    .ARM.Collect$$rtentry$$00000009  c_w.l(__rtentry2.o)
    0x080001c8   0x00000004   Code   RO         3069    .ARM.Collect$$rtentry$$0000000A  c_w.l(__rtentry2.o)
    0x080001cc   0x00000000   Code   RO         3071    .ARM.Collect$$rtentry$$0000000C  c_w.l(__rtentry2.o)
    0x080001cc   0x00000008   Code   RO         3072    .ARM.Collect$$rtentry$$0000000D  c_w.l(__rtentry2.o)
    0x080001d4   0x00000002   Code   RO         3101    .ARM.Collect$$rtexit$$00000000  c_w.l(rtexit.o)
    0x080001d6   0x00000000   Code   RO         3149    .ARM.Collect$$rtexit$$00000002  c_w.l(rtexit2.o)
    0x080001d6   0x00000004   Code   RO         3150    .ARM.Collect$$rtexit$$00000003  c_w.l(rtexit2.o)
    0x080001da   0x00000006   Code   RO         3151    .ARM.Collect$$rtexit$$00000004  c_w.l(rtexit2.o)
    0x080001e0   0x00000096   Code   RO         2876    .emb_text           port.o
    0x08000276   0x00000002   PAD
    0x08000278   0x00000040   Code   RO          777  * .text               startup_stm32f10x_hd.o
    0x080002b8   0x00000002   Code   RO         2955    .text               c_w.l(use_no_semi_2.o)
    0x080002ba   0x00000002   PAD
    0x080002bc   0x00000018   Code   RO         2961    .text               c_w.l(noretval__2printf.o)
    0x080002d4   0x00000068   Code   RO         2965    .text               c_w.l(__printf.o)
    0x0800033c   0x00000052   Code   RO         2967    .text               c_w.l(_printf_str.o)
    0x0800038e   0x00000002   PAD
    0x08000390   0x00000078   Code   RO         2969    .text               c_w.l(_printf_dec.o)
    0x08000408   0x00000058   Code   RO         2974    .text               c_w.l(_printf_hex_int.o)
    0x08000460   0x0000008a   Code   RO         3022    .text               c_w.l(rt_memcpy_v6.o)
    0x080004ea   0x00000010   Code   RO         3024    .text               c_w.l(aeabi_memset.o)
    0x080004fa   0x00000006   Code   RO         3026    .text               c_w.l(heapauxi.o)
    0x08000500   0x00000002   Code   RO         3042    .text               c_w.l(use_no_semi.o)
    0x08000502   0x000000b2   Code   RO         3045    .text               c_w.l(_printf_intcommon.o)
    0x080005b4   0x00000030   Code   RO         3047    .text               c_w.l(_printf_char_common.o)
    0x080005e4   0x0000002c   Code   RO         3051    .text               c_w.l(_printf_char.o)
    0x08000610   0x00000024   Code   RO         3053    .text               c_w.l(_printf_char_file.o)
    0x08000634   0x00000064   Code   RO         3056    .text               c_w.l(rt_memcpy_w.o)
    0x08000698   0x00000044   Code   RO         3058    .text               c_w.l(rt_memclr.o)
    0x080006dc   0x00000008   Code   RO         3082    .text               c_w.l(ferror.o)
    0x080006e4   0x0000004e   Code   RO         3086    .text               c_w.l(rt_memclr_w.o)
    0x08000732   0x0000004a   Code   RO         3088    .text               c_w.l(sys_stackheap_outer.o)
    0x0800077c   0x00000012   Code   RO         3090    .text               c_w.l(exit.o)
    0x0800078e   0x00000002   PAD
    0x08000790   0x00000008   Code   RO         3098    .text               c_w.l(libspace.o)
    0x08000798   0x00000002   Code   RO          179    i.BusFault_Handler  stm32f10x_it.o
    0x0800079a   0x00000002   Code   RO          180    i.DebugMon_Handler  stm32f10x_it.o
    0x0800079c   0x0000009c   Code   RO          823    i.GPIO_Init         stm32f10x_gpio.o
    0x08000838   0x00000004   Code   RO          831    i.GPIO_SetBits      stm32f10x_gpio.o
    0x0800083c   0x00000002   Code   RO          181    i.HardFault_Handler  stm32f10x_it.o
    0x0800083e   0x00000002   PAD
    0x08000840   0x0000006c   Code   RO          379    i.LCD_Clear         lcd.o
    0x080008ac   0x00000134   Code   RO          383    i.LCD_Display_Dir   lcd.o
    0x080009e0   0x00000096   Code   RO          384    i.LCD_DrawLine      lcd.o
    0x08000a76   0x00000002   PAD
    0x08000a78   0x0000001c   Code   RO          385    i.LCD_DrawPoint     lcd.o
    0x08000a94   0x00000038   Code   RO          386    i.LCD_DrawRectangle  lcd.o
    0x08000acc   0x00000110   Code   RO          388    i.LCD_Fast_DrawPoint  lcd.o
    0x08000bdc   0x00000088   Code   RO          389    i.LCD_Fill          lcd.o
    0x08000c64   0x000035ac   Code   RO          390    i.LCD_Init          lcd.o
    0x08004210   0x00000010   Code   RO          391    i.LCD_Pow           lcd.o
    0x08004220   0x00000012   Code   RO          392    i.LCD_RD_DATA       lcd.o
    0x08004232   0x00000018   Code   RO          394    i.LCD_ReadReg       lcd.o
    0x0800424a   0x00000002   PAD
    0x0800424c   0x0000004c   Code   RO          395    i.LCD_SSD_BackLightSet  lcd.o
    0x08004298   0x00000204   Code   RO          396    i.LCD_Scan_Dir      lcd.o
    0x0800449c   0x00000150   Code   RO          397    i.LCD_SetCursor     lcd.o
    0x080045ec   0x000000cc   Code   RO          399    i.LCD_ShowChar      lcd.o
    0x080046b8   0x00000054   Code   RO          401    i.LCD_ShowString    lcd.o
    0x0800470c   0x00000086   Code   RO          402    i.LCD_ShowxNum      lcd.o
    0x08004792   0x00000016   Code   RO          403    i.LCD_WR_DATA       lcd.o
    0x080047a8   0x00000016   Code   RO          404    i.LCD_WR_REG        lcd.o
    0x080047be   0x00000002   PAD
    0x080047c0   0x00000010   Code   RO          406    i.LCD_WriteRAM_Prepare  lcd.o
    0x080047d0   0x00000014   Code   RO          407    i.LCD_WriteReg      lcd.o
    0x080047e4   0x00000038   Code   RO          336    i.LED_Init          led.o
    0x0800481c   0x00000002   Code   RO          182    i.MemManage_Handler  stm32f10x_it.o
    0x0800481e   0x00000002   Code   RO          183    i.NMI_Handler       stm32f10x_it.o
    0x08004820   0x00000064   Code   RO          781    i.NVIC_Init         misc.o
    0x08004884   0x00000014   Code   RO          782    i.NVIC_PriorityGroupConfig  misc.o
    0x08004898   0x00000018   Code   RO          959    i.RCC_APB2PeriphClockCmd  stm32f10x_rcc.o
    0x080048b0   0x00000094   Code   RO          967    i.RCC_GetClocksFreq  stm32f10x_rcc.o
    0x08004944   0x000000a8   Code   RO          307    i.SetSysClockTo72   system_stm32f10x.o
    0x080049ec   0x00000018   Code   RO          785    i.SysTick_CLKSourceConfig  misc.o
    0x08004a04   0x00000014   Code   RO          615    i.SysTick_Handler   delay.o
    0x08004a18   0x00000050   Code   RO          309    i.SystemInit        system_stm32f10x.o
    0x08004a68   0x0000003c   Code   RO          348    i.TIM3_IRQHandler   timer.o
    0x08004aa4   0x0000003c   Code   RO          350    i.TIM5_IRQHandler   timer.o
    0x08004ae0   0x00000006   Code   RO         1344    i.TIM_ClearITPendingBit  stm32f10x_tim.o
    0x08004ae6   0x00000018   Code   RO         1370    i.TIM_GetITStatus   stm32f10x_tim.o
    0x08004afe   0x00000002   PAD
    0x08004b00   0x00000064   Code   RO          716    i.USART1_IRQHandler  usart.o
    0x08004b64   0x00000014   Code   RO         1159    i.USART_Cmd         stm32f10x_usart.o
    0x08004b78   0x0000003e   Code   RO         1163    i.USART_GetITStatus  stm32f10x_usart.o
    0x08004bb6   0x00000030   Code   RO         1165    i.USART_ITConfig    stm32f10x_usart.o
    0x08004be6   0x00000002   PAD
    0x08004be8   0x000000ac   Code   RO         1166    i.USART_Init        stm32f10x_usart.o
    0x08004c94   0x00000008   Code   RO         1173    i.USART_ReceiveData  stm32f10x_usart.o
    0x08004c9c   0x00000002   Code   RO          184    i.UsageFault_Handler  stm32f10x_it.o
    0x08004c9e   0x00000002   Code   RO          717    i._sys_exit         usart.o
    0x08004ca0   0x00000048   Code   RO          616    i.delay_init        delay.o
    0x08004ce8   0x00000038   Code   RO          617    i.delay_ms          delay.o
    0x08004d20   0x00000034   Code   RO          618    i.delay_us          delay.o
    0x08004d54   0x00000018   Code   RO          718    i.fputc             usart.o
    0x08004d6c   0x00000110   Code   RO            1    i.main              main.o
    0x08004e7c   0x00000070   Code   RO         2362    i.prvAddCurrentTaskToDelayedList  tasks.o
    0x08004eec   0x000000d0   Code   RO         2363    i.prvAddNewTaskToReadyList  tasks.o
    0x08004fbc   0x00000050   Code   RO         2707    i.prvCheckForValidListAndQueue  timers.o
    0x0800500c   0x00000054   Code   RO         2364    i.prvCheckTasksWaitingTermination  tasks.o
    0x08005060   0x00000026   Code   RO         2141    i.prvCopyDataFromQueue  queue.o
    0x08005086   0x0000006c   Code   RO         2142    i.prvCopyDataToQueue  queue.o
    0x080050f2   0x00000014   Code   RO         2365    i.prvDeleteTCB      tasks.o
    0x08005106   0x00000002   PAD
    0x08005108   0x0000004c   Code   RO         2827    i.prvHeapInit       heap_4.o
    0x08005154   0x00000028   Code   RO         2366    i.prvIdleTask       tasks.o
    0x0800517c   0x000000c0   Code   RO         2367    i.prvInitialiseNewTask  tasks.o
    0x0800523c   0x0000004c   Code   RO         2828    i.prvInsertBlockIntoFreeList  heap_4.o
    0x08005288   0x00000038   Code   RO         2708    i.prvInsertTimerInActiveList  timers.o
    0x080052c0   0x0000001a   Code   RO         2143    i.prvIsQueueEmpty   queue.o
    0x080052da   0x00000002   PAD
    0x080052dc   0x00000090   Code   RO         2144    i.prvNotifyQueueSetContainer  queue.o
    0x0800536c   0x00000060   Code   RO         2709    i.prvProcessExpiredTimer  timers.o
    0x080053cc   0x000000f0   Code   RO         2710    i.prvProcessReceivedCommands  timers.o
    0x080054bc   0x0000006c   Code   RO         2711    i.prvProcessTimerOrBlockTask  timers.o
    0x08005528   0x00000020   Code   RO         2369    i.prvResetNextTaskUnblockTime  tasks.o
    0x08005548   0x00000028   Code   RO         2712    i.prvSampleTimeNow  timers.o
    0x08005570   0x0000006c   Code   RO         2713    i.prvSwitchTimerLists  timers.o
    0x080055dc   0x00000064   Code   RO         2877    i.prvTaskExitError  port.o
    0x08005640   0x00000028   Code   RO         2714    i.prvTimerTask      timers.o
    0x08005668   0x00000078   Code   RO         2145    i.prvUnlockQueue    queue.o
    0x080056e0   0x00000114   Code   RO         2829    i.pvPortMalloc      heap_4.o
    0x080057f4   0x00000018   Code   RO         2371    i.pvTaskIncrementMutexHeldCount  tasks.o
    0x0800580c   0x00000024   Code   RO         2878    i.pxPortInitialiseStack  port.o
    0x08005830   0x00000068   Code   RO            2    i.start_task        main.o
    0x08005898   0x00000100   Code   RO            3    i.task1_task        main.o
    0x08005998   0x000000d8   Code   RO            4    i.task2_task        main.o
    0x08005a70   0x000000a0   Code   RO          719    i.uart_init         usart.o
    0x08005b10   0x00000024   Code   RO         2104    i.uxListRemove      list.o
    0x08005b34   0x00000016   Code   RO         2105    i.vListInitialise   list.o
    0x08005b4a   0x00000006   Code   RO         2106    i.vListInitialiseItem  list.o
    0x08005b50   0x00000030   Code   RO         2107    i.vListInsert       list.o
    0x08005b80   0x00000018   Code   RO         2108    i.vListInsertEnd    list.o
    0x08005b98   0x00000078   Code   RO         2880    i.vPortEnterCritical  port.o
    0x08005c10   0x00000064   Code   RO         2881    i.vPortExitCritical  port.o
    0x08005c74   0x0000009c   Code   RO         2830    i.vPortFree         heap_4.o
    0x08005d10   0x00000020   Code   RO         2882    i.vPortSetupTimerInterrupt  port.o
    0x08005d30   0x0000008c   Code   RO         2883    i.vPortValidateInterruptPriority  port.o
    0x08005dbc   0x00000024   Code   RO         2151    i.vQueueAddToRegistry  queue.o
    0x08005de0   0x00000044   Code   RO         2155    i.vQueueWaitForMessageRestricted  queue.o
    0x08005e24   0x0000006c   Code   RO         2379    i.vTaskDelay        tasks.o
    0x08005e90   0x000000cc   Code   RO         2381    i.vTaskDelete       tasks.o
    0x08005f5c   0x0000000c   Code   RO         2385    i.vTaskMissedYield  tasks.o
    0x08005f68   0x00000054   Code   RO         2387    i.vTaskPlaceOnEventList  tasks.o
    0x08005fbc   0x0000005c   Code   RO         2388    i.vTaskPlaceOnEventListRestricted  tasks.o
    0x08006018   0x00000084   Code   RO         2390    i.vTaskPriorityInherit  tasks.o
    0x0800609c   0x00000048   Code   RO         2394    i.vTaskSetTimeOutState  tasks.o
    0x080060e4   0x00000094   Code   RO         2395    i.vTaskStartScheduler  tasks.o
    0x08006178   0x00000010   Code   RO         2397    i.vTaskSuspendAll   tasks.o
    0x08006188   0x0000007c   Code   RO         2398    i.vTaskSwitchContext  tasks.o
    0x08006204   0x00000078   Code   RO         2884    i.xPortStartScheduler  port.o
    0x0800627c   0x0000002c   Code   RO         2885    i.xPortSysTickHandler  port.o
    0x080062a8   0x00000078   Code   RO         2160    i.xQueueGenericCreate  queue.o
    0x08006320   0x00000184   Code   RO         2161    i.xQueueGenericReceive  queue.o
    0x080064a4   0x000000a8   Code   RO         2162    i.xQueueGenericReset  queue.o
    0x0800654c   0x00000188   Code   RO         2163    i.xQueueGenericSend  queue.o
    0x080066d4   0x000000e0   Code   RO         2164    i.xQueueGenericSendFromISR  queue.o
    0x080067b4   0x00000088   Code   RO         2399    i.xTaskCheckForTimeOut  tasks.o
    0x0800683c   0x00000056   Code   RO         2400    i.xTaskCreate       tasks.o
    0x08006892   0x00000002   PAD
    0x08006894   0x0000001c   Code   RO         2404    i.xTaskGetSchedulerState  tasks.o
    0x080068b0   0x0000000c   Code   RO         2405    i.xTaskGetTickCount  tasks.o
    0x080068bc   0x000000e8   Code   RO         2407    i.xTaskIncrementTick  tasks.o
    0x080069a4   0x000000b4   Code   RO         2410    i.xTaskPriorityDisinherit  tasks.o
    0x08006a58   0x00000098   Code   RO         2411    i.xTaskRemoveFromEventList  tasks.o
    0x08006af0   0x000000e4   Code   RO         2413    i.xTaskResumeAll    tasks.o
    0x08006bd4   0x00000074   Code   RO         2717    i.xTimerCreate      timers.o
    0x08006c48   0x00000074   Code   RO         2718    i.xTimerCreateTimerTask  timers.o
    0x08006cbc   0x00000090   Code   RO         2719    i.xTimerGenericCommand  timers.o
    0x08006d4c   0x0000005a   Code   RO         3030    x$fpl$dfixu         fz_ws.l(dfixu.o)
    0x08006da6   0x00000026   Code   RO         3034    x$fpl$dfltu         fz_ws.l(dflt_clz.o)
    0x08006dcc   0x00000154   Code   RO         3040    x$fpl$dmul          fz_ws.l(dmul.o)
    0x08006f20   0x0000009c   Code   RO         3060    x$fpl$dnaninf       fz_ws.l(dnaninf.o)
    0x08006fbc   0x0000000c   Code   RO         3062    x$fpl$dretinf       fz_ws.l(dretinf.o)
    0x08006fc8   0x00000000   Code   RO         3064    x$fpl$usenofp       fz_ws.l(usenofp.o)
    0x08006fc8   0x000017c0   Data   RO          410    .constdata          lcd.o
    0x08008788   0x00000028   Data   RO         2975    .constdata          c_w.l(_printf_hex_int.o)
    0x080087b0   0x00000020   Data   RO         3221    Region$$Table       anon$$obj.o


    Execution Region ER_RW (Base: 0x20000000, Size: 0x000000f0, Max: 0xffffffff, ABSOLUTE)

    Base Addr    Size         Type   Attr      Idx    E Section Name        Object

    0x20000000   0x00000044   Data   RW            5    .data               main.o
    0x20000044   0x00000014   Data   RW          310    .data               system_stm32f10x.o
    0x20000058   0x00000004   Data   RW          411    .data               lcd.o
    0x2000005c   0x00000004   Data   RW          620    .data               delay.o
    0x20000060   0x00000002   Data   RW          721    .data               usart.o
    0x20000062   0x00000002   PAD
    0x20000064   0x00000004   Data   RW          722    .data               usart.o
    0x20000068   0x00000014   Data   RW          987    .data               stm32f10x_rcc.o
    0x2000007c   0x0000003c   Data   RW         2416    .data               tasks.o
    0x200000b8   0x00000014   Data   RW         2727    .data               timers.o
    0x200000cc   0x00000018   Data   RW         2835    .data               heap_4.o
    0x200000e4   0x0000000c   Data   RW         2886    .data               port.o


    Execution Region ER_ZI (Base: 0x200000f0, Size: 0x00005a88, Max: 0xffffffff, ABSOLUTE)

    Base Addr    Size         Type   Attr      Idx    E Section Name        Object

    0x200000f0   0x0000000e   Zero   RW          409    .bss                lcd.o
    0x200000fe   0x000000c8   Zero   RW          720    .bss                usart.o
    0x200001c6   0x00000002   PAD
    0x200001c8   0x00000040   Zero   RW         2175    .bss                queue.o
    0x20000208   0x000002e4   Zero   RW         2415    .bss                tasks.o
    0x200004ec   0x00000028   Zero   RW         2726    .bss                timers.o
    0x20000514   0x00005000   Zero   RW         2834    .bss                heap_4.o
    0x20005514   0x00000060   Zero   RW         3099    .bss                c_w.l(libspace.o)
    0x20005574   0x00000004   PAD
    0x20005578   0x00000200   Zero   RW          775    HEAP                startup_stm32f10x_hd.o
    0x20005778   0x00000400   Zero   RW          774    STACK               startup_stm32f10x_hd.o


==============================================================================

Image component sizes


      Code (inc. data)   RO Data    RW Data    ZI Data      Debug   Object Name

       200         20          0          4          0      12949   delay.o
         0          0          0          0          0      10568   event_groups.o
       584        138          0         24      20480       4331   heap_4.o
     16286        150       6080          4         14     232982   lcd.o
        56          6          0          0          0        559   led.o
       136          0          0          0          0       3354   list.o
       848        278          0         68          0     227223   main.o
       144         16          0          0          0       2321   misc.o
       842        312          0         12          0      10745   port.o
      1832        236          0          0         64      16281   queue.o
        64         26        304          0       1536        836   startup_stm32f10x_hd.o
       160          0          0          0          0       2727   stm32f10x_gpio.o
        12          0          0          0          0      46565   stm32f10x_it.o
       172         22          0         20          0       4153   stm32f10x_rcc.o
        30          0          0          0          0       2773   stm32f10x_tim.o
       310          6          0          0          0       5538   stm32f10x_usart.o
         0          0          0          0          0         32   sys.o
       248         24          0         20          0       1953   system_stm32f10x.o
      2758        670          0         60        740      30663   tasks.o
       120         52          0          0          0       1100   timer.o
      1144        260          0         20         40      10338   timers.o
       286         26          0          6        200       4528   usart.o

    ----------------------------------------------------------------------
     26252       2242       6416        240      23076     632519   Object Totals
         0          0         32          0          0          0   (incl. Generated)
        20          0          0          2          2          0   (incl. Padding)

    ----------------------------------------------------------------------

      Code (inc. data)   RO Data    RW Data    ZI Data      Debug   Library Member Name

         8          0          0          0          0         68   __main.o
       104          0          0          0          0         84   __printf.o
         0          0          0          0          0          0   __rtentry.o
        12          0          0          0          0          0   __rtentry2.o
         6          0          0          0          0          0   __rtentry4.o
        52          8          0          0          0          0   __scatter.o
        26          0          0          0          0          0   __scatter_copy.o
        28          0          0          0          0          0   __scatter_zi.o
        44          0          0          0          0        108   _printf_char.o
        48          6          0          0          0         96   _printf_char_common.o
        36          4          0          0          0         80   _printf_char_file.o
         6          0          0          0          0          0   _printf_d.o
       120         16          0          0          0         92   _printf_dec.o
        88          4         40          0          0         88   _printf_hex_int.o
       178          0          0          0          0         88   _printf_intcommon.o
         0          0          0          0          0          0   _printf_percent.o
         4          0          0          0          0          0   _printf_percent_end.o
         6          0          0          0          0          0   _printf_s.o
        82          0          0          0          0         80   _printf_str.o
         6          0          0          0          0          0   _printf_x.o
        16          0          0          0          0         68   aeabi_memset.o
        18          0          0          0          0         80   exit.o
         8          0          0          0          0         68   ferror.o
         6          0          0          0          0        152   heapauxi.o
         2          0          0          0          0          0   libinit.o
         2          0          0          0          0          0   libinit2.o
         2          0          0          0          0          0   libshutdown.o
         2          0          0          0          0          0   libshutdown2.o
         8          4          0          0         96         68   libspace.o
        24          4          0          0          0         84   noretval__2printf.o
        68          0          0          0          0         68   rt_memclr.o
        78          0          0          0          0         80   rt_memclr_w.o
       138          0          0          0          0         68   rt_memcpy_v6.o
       100          0          0          0          0         80   rt_memcpy_w.o
         2          0          0          0          0          0   rtexit.o
        10          0          0          0          0          0   rtexit2.o
        74          0          0          0          0         80   sys_stackheap_outer.o
         2          0          0          0          0         68   use_no_semi.o
         2          0          0          0          0         68   use_no_semi_2.o
        90          4          0          0          0         92   dfixu.o
        38          0          0          0          0         68   dflt_clz.o
       340         12          0          0          0        104   dmul.o
       156          4          0          0          0         92   dnaninf.o
        12          0          0          0          0         68   dretinf.o
         0          0          0          0          0          0   usenofp.o

    ----------------------------------------------------------------------
      2060         66         40          0        100       2240   Library Totals
         8          0          0          0          4          0   (incl. Padding)

    ----------------------------------------------------------------------

      Code (inc. data)   RO Data    RW Data    ZI Data      Debug   Library Name

      1416         46         40          0         96       1816   c_w.l
       636         20          0          0          0        424   fz_ws.l

    ----------------------------------------------------------------------
      2060         66         40          0        100       2240   Library Totals

    ----------------------------------------------------------------------

==============================================================================


      Code (inc. data)   RO Data    RW Data    ZI Data      Debug   

     28312       2308       6456        240      23176     627423   Grand Totals
     28312       2308       6456        240      23176     627423   ELF Image Totals
     28312       2308       6456        240          0          0   ROM Totals

==============================================================================

    Total RO  Size (Code + RO Data)                34768 (  33.95kB)
    Total RW  Size (RW Data + ZI Data)             23416 (  22.87kB)
    Total ROM Size (Code + RO Data + RW Data)      35008 (  34.19kB)

==============================================================================

